<?xml version="1.0" encoding="ISO-8859-1" ?>
<link_info>
   <banner>TI ARM Linker PC v20.2.2.LTS</banner>
   <copyright>Copyright (c) 1996-2018 Texas Instruments Incorporated</copyright>
   <link_time>0x60ec08c0</link_time>
   <link_errors>0x0</link_errors>
   <output_file>MP3Player.out</output_file>
   <entry_point>
      <name>_c_int00_noargs</name>
      <address>0x5f09</address>
   </entry_point>
   <input_file_list>
      <input_file id="fl-2">
         <path>.\</path>
         <kind>object</kind>
         <file>MyWaveFile.obj</file>
         <name>MyWaveFile.obj</name>
      </input_file>
      <input_file id="fl-3">
         <path>.\</path>
         <kind>object</kind>
         <file>main.obj</file>
         <name>main.obj</name>
      </input_file>
      <input_file id="fl-4">
         <path>.\</path>
         <kind>object</kind>
         <file>tm4c123gh6pm_startup_ccs.obj</file>
         <name>tm4c123gh6pm_startup_ccs.obj</name>
      </input_file>
      <input_file id="fl-5">
         <path>.\</path>
         <kind>object</kind>
         <file>uartstdio.obj</file>
         <name>uartstdio.obj</name>
      </input_file>
      <input_file id="fl-6">
         <path>.\FatFs_Control\</path>
         <kind>object</kind>
         <file>SPI_Control.obj</file>
         <name>SPI_Control.obj</name>
      </input_file>
      <input_file id="fl-7">
         <path>.\FatFs_Control\</path>
         <kind>object</kind>
         <file>ff.obj</file>
         <name>ff.obj</name>
      </input_file>
      <input_file id="fl-8">
         <path>.\FatFs_Control\</path>
         <kind>object</kind>
         <file>sdmm.obj</file>
         <name>sdmm.obj</name>
      </input_file>
      <input_file id="fl-d">
         <kind>object</kind>
         <file>&lt;internal&gt;</file>
         <name>&lt;internal&gt;</name>
      </input_file>
      <input_file id="fl-e">
         <path>..\</path>
         <kind>archive</kind>
         <file>driverlib.lib</file>
         <name>gpio.obj</name>
      </input_file>
      <input_file id="fl-f">
         <path>..\</path>
         <kind>archive</kind>
         <file>driverlib.lib</file>
         <name>interrupt.obj</name>
      </input_file>
      <input_file id="fl-10">
         <path>..\</path>
         <kind>archive</kind>
         <file>driverlib.lib</file>
         <name>pwm.obj</name>
      </input_file>
      <input_file id="fl-11">
         <path>..\</path>
         <kind>archive</kind>
         <file>driverlib.lib</file>
         <name>ssi.obj</name>
      </input_file>
      <input_file id="fl-12">
         <path>..\</path>
         <kind>archive</kind>
         <file>driverlib.lib</file>
         <name>sysctl.obj</name>
      </input_file>
      <input_file id="fl-13">
         <path>..\</path>
         <kind>archive</kind>
         <file>driverlib.lib</file>
         <name>timer.obj</name>
      </input_file>
      <input_file id="fl-14">
         <path>..\</path>
         <kind>archive</kind>
         <file>driverlib.lib</file>
         <name>uart.obj</name>
      </input_file>
      <input_file id="fl-15">
         <path>..\</path>
         <kind>archive</kind>
         <file>driverlib.lib</file>
         <name>cpu.obj</name>
      </input_file>
      <input_file id="fl-cb">
         <path>C:\ti\ccs1020\ccs\tools\compiler\ti-cgt-arm_20.2.2.LTS\lib\</path>
         <kind>archive</kind>
         <file>rtsv7M4_T_le_v4SPD16_eabi.lib</file>
         <name>memcpy_t2.asm.obj</name>
      </input_file>
      <input_file id="fl-cc">
         <path>C:\ti\ccs1020\ccs\tools\compiler\ti-cgt-arm_20.2.2.LTS\lib\</path>
         <kind>archive</kind>
         <file>rtsv7M4_T_le_v4SPD16_eabi.lib</file>
         <name>memset_t2.asm.obj</name>
      </input_file>
      <input_file id="fl-cd">
         <path>C:\ti\ccs1020\ccs\tools\compiler\ti-cgt-arm_20.2.2.LTS\lib\</path>
         <kind>archive</kind>
         <file>rtsv7M4_T_le_v4SPD16_eabi.lib</file>
         <name>u_divt2.asm.obj</name>
      </input_file>
      <input_file id="fl-ce">
         <path>C:\ti\ccs1020\ccs\tools\compiler\ti-cgt-arm_20.2.2.LTS\lib\</path>
         <kind>archive</kind>
         <file>rtsv7M4_T_le_v4SPD16_eabi.lib</file>
         <name>copy_zero_init.c.obj</name>
      </input_file>
      <input_file id="fl-cf">
         <path>C:\ti\ccs1020\ccs\tools\compiler\ti-cgt-arm_20.2.2.LTS\lib\</path>
         <kind>archive</kind>
         <file>rtsv7M4_T_le_v4SPD16_eabi.lib</file>
         <name>copy_decompress_none.c.obj</name>
      </input_file>
      <input_file id="fl-d0">
         <path>C:\ti\ccs1020\ccs\tools\compiler\ti-cgt-arm_20.2.2.LTS\lib\</path>
         <kind>archive</kind>
         <file>rtsv7M4_T_le_v4SPD16_eabi.lib</file>
         <name>copy_decompress_lzss.c.obj</name>
      </input_file>
      <input_file id="fl-d1">
         <path>C:\ti\ccs1020\ccs\tools\compiler\ti-cgt-arm_20.2.2.LTS\lib\</path>
         <kind>archive</kind>
         <file>rtsv7M4_T_le_v4SPD16_eabi.lib</file>
         <name>memcmp.c.obj</name>
      </input_file>
      <input_file id="fl-d2">
         <path>C:\ti\ccs1020\ccs\tools\compiler\ti-cgt-arm_20.2.2.LTS\lib\</path>
         <kind>archive</kind>
         <file>rtsv7M4_T_le_v4SPD16_eabi.lib</file>
         <name>strchr.c.obj</name>
      </input_file>
      <input_file id="fl-d3">
         <path>C:\ti\ccs1020\ccs\tools\compiler\ti-cgt-arm_20.2.2.LTS\lib\</path>
         <kind>archive</kind>
         <file>rtsv7M4_T_le_v4SPD16_eabi.lib</file>
         <name>boot_cortex_m.c.obj</name>
      </input_file>
      <input_file id="fl-d4">
         <path>C:\ti\ccs1020\ccs\tools\compiler\ti-cgt-arm_20.2.2.LTS\lib\</path>
         <kind>archive</kind>
         <file>rtsv7M4_T_le_v4SPD16_eabi.lib</file>
         <name>div0.asm.obj</name>
      </input_file>
      <input_file id="fl-d5">
         <path>C:\ti\ccs1020\ccs\tools\compiler\ti-cgt-arm_20.2.2.LTS\lib\</path>
         <kind>archive</kind>
         <file>rtsv7M4_T_le_v4SPD16_eabi.lib</file>
         <name>autoinit.c.obj</name>
      </input_file>
      <input_file id="fl-d6">
         <path>C:\ti\ccs1020\ccs\tools\compiler\ti-cgt-arm_20.2.2.LTS\lib\</path>
         <kind>archive</kind>
         <file>rtsv7M4_T_le_v4SPD16_eabi.lib</file>
         <name>pre_init.c.obj</name>
      </input_file>
      <input_file id="fl-d7">
         <path>C:\ti\ccs1020\ccs\tools\compiler\ti-cgt-arm_20.2.2.LTS\lib\</path>
         <kind>archive</kind>
         <file>rtsv7M4_T_le_v4SPD16_eabi.lib</file>
         <name>cpy_tbl.c.obj</name>
      </input_file>
      <input_file id="fl-d8">
         <path>C:\ti\ccs1020\ccs\tools\compiler\ti-cgt-arm_20.2.2.LTS\lib\</path>
         <kind>archive</kind>
         <file>rtsv7M4_T_le_v4SPD16_eabi.lib</file>
         <name>exit.c.obj</name>
      </input_file>
      <input_file id="fl-d9">
         <path>C:\ti\ccs1020\ccs\tools\compiler\ti-cgt-arm_20.2.2.LTS\lib\</path>
         <kind>archive</kind>
         <file>rtsv7M4_T_le_v4SPD16_eabi.lib</file>
         <name>_lock.c.obj</name>
      </input_file>
      <input_file id="fl-da">
         <path>C:\ti\ccs1020\ccs\tools\compiler\ti-cgt-arm_20.2.2.LTS\lib\</path>
         <kind>archive</kind>
         <file>rtsv7M4_T_le_v4SPD16_eabi.lib</file>
         <name>args_main.c.obj</name>
      </input_file>
   </input_file_list>
   <object_component_list>
      <object_component id="oc-12">
         <name>.intvecs</name>
         <load_address>0x0</load_address>
         <run_address>0x0</run_address>
         <size>0x26c</size>
         <input_file_ref idref="fl-4"/>
      </object_component>
      <object_component id="oc-86">
         <name>.text</name>
         <load_address>0x26c</load_address>
         <run_address>0x26c</run_address>
         <size>0x42b2</size>
         <input_file_ref idref="fl-7"/>
      </object_component>
      <object_component id="oc-2e4">
         <name>.text</name>
         <load_address>0x451e</load_address>
         <run_address>0x451e</run_address>
         <size>0x2</size>
         <input_file_ref idref="fl-d4"/>
      </object_component>
      <object_component id="oc-19d">
         <name>.text</name>
         <load_address>0x4520</load_address>
         <run_address>0x4520</run_address>
         <size>0x668</size>
         <input_file_ref idref="fl-8"/>
      </object_component>
      <object_component id="oc-2d">
         <name>.text</name>
         <load_address>0x4b88</load_address>
         <run_address>0x4b88</run_address>
         <size>0x5f0</size>
         <input_file_ref idref="fl-3"/>
      </object_component>
      <object_component id="oc-8c">
         <name>.text</name>
         <load_address>0x5178</load_address>
         <run_address>0x5178</run_address>
         <size>0x4a8</size>
         <input_file_ref idref="fl-5"/>
      </object_component>
      <object_component id="oc-10a">
         <name>.text:GPIOPadConfigSet</name>
         <load_address>0x5620</load_address>
         <run_address>0x5620</run_address>
         <size>0x16c</size>
         <input_file_ref idref="fl-e"/>
      </object_component>
      <object_component id="oc-b6">
         <name>.text:SysCtlClockGet</name>
         <load_address>0x578c</load_address>
         <run_address>0x578c</run_address>
         <size>0x118</size>
         <input_file_ref idref="fl-12"/>
      </object_component>
      <object_component id="oc-74">
         <name>.text:SysCtlClockSet</name>
         <load_address>0x58a4</load_address>
         <run_address>0x58a4</run_address>
         <size>0xf4</size>
         <input_file_ref idref="fl-12"/>
      </object_component>
      <object_component id="oc-2a8">
         <name>.text</name>
         <load_address>0x5998</load_address>
         <run_address>0x5998</run_address>
         <size>0xdc</size>
         <input_file_ref idref="fl-6"/>
      </object_component>
      <object_component id="oc-41">
         <name>.text</name>
         <load_address>0x5a74</load_address>
         <run_address>0x5a74</run_address>
         <size>0x9c</size>
         <input_file_ref idref="fl-cb"/>
      </object_component>
      <object_component id="oc-175">
         <name>.text</name>
         <load_address>0x5b10</load_address>
         <run_address>0x5b10</run_address>
         <size>0x7a</size>
         <input_file_ref idref="fl-cc"/>
      </object_component>
      <object_component id="oc-d4">
         <name>.text:IntEnable</name>
         <load_address>0x5b8c</load_address>
         <run_address>0x5b8c</run_address>
         <size>0x68</size>
         <input_file_ref idref="fl-f"/>
      </object_component>
      <object_component id="oc-15">
         <name>.text:decompress:lzss:__TI_decompress_lzss</name>
         <load_address>0x5bf4</load_address>
         <run_address>0x5bf4</run_address>
         <size>0x68</size>
         <input_file_ref idref="fl-d0"/>
      </object_component>
      <object_component id="oc-fe">
         <name>.text:TimerConfigure</name>
         <load_address>0x5c5c</load_address>
         <run_address>0x5c5c</run_address>
         <size>0x60</size>
         <input_file_ref idref="fl-13"/>
      </object_component>
      <object_component id="oc-116">
         <name>.text:GPIOIntTypeSet</name>
         <load_address>0x5cbc</load_address>
         <run_address>0x5cbc</run_address>
         <size>0x58</size>
         <input_file_ref idref="fl-e"/>
      </object_component>
      <object_component id="oc-a4">
         <name>.text:GPIOPinConfigure</name>
         <load_address>0x5d14</load_address>
         <run_address>0x5d14</run_address>
         <size>0x4c</size>
         <input_file_ref idref="fl-e"/>
      </object_component>
      <object_component id="oc-1d2">
         <name>.text:UARTConfigSetExpClk</name>
         <load_address>0x5d60</load_address>
         <run_address>0x5d60</run_address>
         <size>0x46</size>
         <input_file_ref idref="fl-14"/>
      </object_component>
      <object_component id="oc-25e">
         <name>.text:__TI_auto_init_nobinit_nopinit:__TI_auto_init_nobinit_nopinit</name>
         <load_address>0x5da8</load_address>
         <run_address>0x5da8</run_address>
         <size>0x44</size>
         <input_file_ref idref="fl-d5"/>
      </object_component>
      <object_component id="oc-1f3">
         <name>.text</name>
         <load_address>0x5dec</load_address>
         <run_address>0x5dec</run_address>
         <size>0x40</size>
         <input_file_ref idref="fl-cd"/>
      </object_component>
      <object_component id="oc-32e">
         <name>.text:SSIConfigSetExpClk</name>
         <load_address>0x5e2c</load_address>
         <run_address>0x5e2c</run_address>
         <size>0x3c</size>
         <input_file_ref idref="fl-11"/>
      </object_component>
      <object_component id="oc-1cc">
         <name>.text:SysCtlPeripheralPresent</name>
         <load_address>0x5e68</load_address>
         <run_address>0x5e68</run_address>
         <size>0x38</size>
         <input_file_ref idref="fl-12"/>
      </object_component>
      <object_component id="oc-122">
         <name>.text:IntRegister</name>
         <load_address>0x5ea0</load_address>
         <run_address>0x5ea0</run_address>
         <size>0x34</size>
         <input_file_ref idref="fl-f"/>
      </object_component>
      <object_component id="oc-7a">
         <name>.text:SysCtlPeripheralEnable</name>
         <load_address>0x5ed4</load_address>
         <run_address>0x5ed4</run_address>
         <size>0x34</size>
         <input_file_ref idref="fl-12"/>
      </object_component>
      <object_component id="oc-5f">
         <name>.text:_c_int00_noargs:_c_int00_noargs</name>
         <load_address>0x5f08</load_address>
         <run_address>0x5f08</run_address>
         <size>0x34</size>
         <input_file_ref idref="fl-d3"/>
      </object_component>
      <object_component id="oc-195">
         <name>.text:GPIODirModeSet</name>
         <load_address>0x5f3c</load_address>
         <run_address>0x5f3c</run_address>
         <size>0x2c</size>
         <input_file_ref idref="fl-e"/>
      </object_component>
      <object_component id="oc-11c">
         <name>.text:IntPrioritySet</name>
         <load_address>0x5f68</load_address>
         <run_address>0x5f68</run_address>
         <size>0x24</size>
         <input_file_ref idref="fl-f"/>
      </object_component>
      <object_component id="oc-1a3">
         <name>.text:memcmp</name>
         <load_address>0x5f8c</load_address>
         <run_address>0x5f8c</run_address>
         <size>0x24</size>
         <input_file_ref idref="fl-d1"/>
      </object_component>
      <object_component id="oc-b0">
         <name>.text:PWMGenConfigure</name>
         <load_address>0x5fb0</load_address>
         <run_address>0x5fb0</run_address>
         <size>0x22</size>
         <input_file_ref idref="fl-10"/>
      </object_component>
      <object_component id="oc-2d3">
         <name>.text:UARTDisable</name>
         <load_address>0x5fd4</load_address>
         <run_address>0x5fd4</run_address>
         <size>0x20</size>
         <input_file_ref idref="fl-14"/>
      </object_component>
      <object_component id="oc-98">
         <name>.text:PWMPulseWidthSet</name>
         <load_address>0x5ff4</load_address>
         <run_address>0x5ff4</run_address>
         <size>0x1e</size>
         <input_file_ref idref="fl-10"/>
      </object_component>
      <object_component id="oc-80">
         <name>.text:GPIOPinTypeGPIOOutput</name>
         <load_address>0x6012</load_address>
         <run_address>0x6012</run_address>
         <size>0x1a</size>
         <input_file_ref idref="fl-e"/>
      </object_component>
      <object_component id="oc-104">
         <name>.text:GPIOPinTypeGPIOInput</name>
         <load_address>0x602c</load_address>
         <run_address>0x602c</run_address>
         <size>0x16</size>
         <input_file_ref idref="fl-e"/>
      </object_component>
      <object_component id="oc-aa">
         <name>.text:GPIOPinTypePWM</name>
         <load_address>0x6042</load_address>
         <run_address>0x6042</run_address>
         <size>0x16</size>
         <input_file_ref idref="fl-e"/>
      </object_component>
      <object_component id="oc-328">
         <name>.text:GPIOPinTypeSSI</name>
         <load_address>0x6058</load_address>
         <run_address>0x6058</run_address>
         <size>0x16</size>
         <input_file_ref idref="fl-e"/>
      </object_component>
      <object_component id="oc-e0">
         <name>.text:GPIOPinTypeUART</name>
         <load_address>0x606e</load_address>
         <run_address>0x606e</run_address>
         <size>0x16</size>
         <input_file_ref idref="fl-e"/>
      </object_component>
      <object_component id="oc-1a9">
         <name>.text:strchr</name>
         <load_address>0x6084</load_address>
         <run_address>0x6084</run_address>
         <size>0x16</size>
         <input_file_ref idref="fl-d2"/>
      </object_component>
      <object_component id="oc-9e">
         <name>.text:SysCtlPWMClockSet</name>
         <load_address>0x609c</load_address>
         <run_address>0x609c</run_address>
         <size>0x14</size>
         <input_file_ref idref="fl-12"/>
      </object_component>
      <object_component id="oc-1d8">
         <name>.text:UARTEnable</name>
         <load_address>0x60b0</load_address>
         <run_address>0x60b0</run_address>
         <size>0x14</size>
         <input_file_ref idref="fl-14"/>
      </object_component>
      <object_component id="oc-da">
         <name>.text:PWMOutputState</name>
         <load_address>0x60c4</load_address>
         <run_address>0x60c4</run_address>
         <size>0x12</size>
         <input_file_ref idref="fl-10"/>
      </object_component>
      <object_component id="oc-33a">
         <name>.text:SSIDataGetNonBlocking</name>
         <load_address>0x60d6</load_address>
         <run_address>0x60d6</run_address>
         <size>0x12</size>
         <input_file_ref idref="fl-11"/>
      </object_component>
      <object_component id="oc-12a">
         <name>.text:IntMasterDisable</name>
         <load_address>0x60e8</load_address>
         <run_address>0x60e8</run_address>
         <size>0x10</size>
         <input_file_ref idref="fl-f"/>
      </object_component>
      <object_component id="oc-c2">
         <name>.text:IntMasterEnable</name>
         <load_address>0x60f8</load_address>
         <run_address>0x60f8</run_address>
         <size>0x10</size>
         <input_file_ref idref="fl-f"/>
      </object_component>
      <object_component id="oc-bc">
         <name>.text:PWMGenPeriodSet</name>
         <load_address>0x6108</load_address>
         <run_address>0x6108</run_address>
         <size>0x10</size>
         <input_file_ref idref="fl-10"/>
      </object_component>
      <object_component id="oc-131">
         <name>.text:GPIOIntStatus</name>
         <load_address>0x6118</load_address>
         <run_address>0x6118</run_address>
         <size>0xe</size>
         <input_file_ref idref="fl-e"/>
      </object_component>
      <object_component id="oc-1b">
         <name>.text:decompress:none:__TI_decompress_none</name>
         <load_address>0x6126</load_address>
         <run_address>0x6126</run_address>
         <size>0xe</size>
         <input_file_ref idref="fl-cf"/>
      </object_component>
      <object_component id="oc-230">
         <name>.text:CPUcpsid</name>
         <load_address>0x6134</load_address>
         <run_address>0x6134</run_address>
         <size>0xc</size>
         <input_file_ref idref="fl-15"/>
      </object_component>
      <object_component id="oc-20c">
         <name>.text:CPUcpsie</name>
         <load_address>0x6140</load_address>
         <run_address>0x6140</run_address>
         <size>0xc</size>
         <input_file_ref idref="fl-15"/>
      </object_component>
      <object_component id="oc-110">
         <name>.text:GPIOIntEnable</name>
         <load_address>0x614c</load_address>
         <run_address>0x614c</run_address>
         <size>0xc</size>
         <input_file_ref idref="fl-e"/>
      </object_component>
      <object_component id="oc-f5">
         <name>.text:PWMGenDisable</name>
         <load_address>0x6158</load_address>
         <run_address>0x6158</run_address>
         <size>0xc</size>
         <input_file_ref idref="fl-10"/>
      </object_component>
      <object_component id="oc-ef">
         <name>.text:PWMGenEnable</name>
         <load_address>0x6164</load_address>
         <run_address>0x6164</run_address>
         <size>0xc</size>
         <input_file_ref idref="fl-10"/>
      </object_component>
      <object_component id="oc-2b4">
         <name>.text:SSIDataGet</name>
         <load_address>0x6170</load_address>
         <run_address>0x6170</run_address>
         <size>0xc</size>
         <input_file_ref idref="fl-11"/>
      </object_component>
      <object_component id="oc-53">
         <name>.text:decompress:ZI:__TI_zero_init</name>
         <load_address>0x617c</load_address>
         <run_address>0x617c</run_address>
         <size>0xc</size>
         <input_file_ref idref="fl-ce"/>
      </object_component>
      <object_component id="oc-27">
         <name>.text</name>
         <load_address>0x6188</load_address>
         <run_address>0x6188</run_address>
         <size>0xc</size>
         <input_file_ref idref="fl-4"/>
      </object_component>
      <object_component id="oc-ce">
         <name>.text:PWMGenIntTrigEnable</name>
         <load_address>0x6194</load_address>
         <run_address>0x6194</run_address>
         <size>0xa</size>
         <input_file_ref idref="fl-10"/>
      </object_component>
      <object_component id="oc-2ae">
         <name>.text:SSIDataPut</name>
         <load_address>0x619e</load_address>
         <run_address>0x619e</run_address>
         <size>0xa</size>
         <input_file_ref idref="fl-11"/>
      </object_component>
      <object_component id="oc-334">
         <name>.text:SSIEnable</name>
         <load_address>0x61a8</load_address>
         <run_address>0x61a8</run_address>
         <size>0xa</size>
         <input_file_ref idref="fl-11"/>
      </object_component>
      <object_component id="oc-1e4">
         <name>.text:UARTCharGet</name>
         <load_address>0x61b2</load_address>
         <run_address>0x61b2</run_address>
         <size>0xa</size>
         <input_file_ref idref="fl-14"/>
      </object_component>
      <object_component id="oc-1de">
         <name>.text:UARTCharPut</name>
         <load_address>0x61bc</load_address>
         <run_address>0x61bc</run_address>
         <size>0xa</size>
         <input_file_ref idref="fl-14"/>
      </object_component>
      <object_component id="oc-c8">
         <name>.text:PWMIntEnable</name>
         <load_address>0x61c6</load_address>
         <run_address>0x61c6</run_address>
         <size>0x8</size>
         <input_file_ref idref="fl-10"/>
      </object_component>
      <object_component id="oc-137">
         <name>.text:GPIOIntClear</name>
         <load_address>0x61ce</load_address>
         <run_address>0x61ce</run_address>
         <size>0x6</size>
         <input_file_ref idref="fl-e"/>
      </object_component>
      <object_component id="oc-13d">
         <name>.text:GPIOPinRead</name>
         <load_address>0x61d4</load_address>
         <run_address>0x61d4</run_address>
         <size>0x6</size>
         <input_file_ref idref="fl-e"/>
      </object_component>
      <object_component id="oc-2ba">
         <name>.text:GPIOPinWrite</name>
         <load_address>0x61da</load_address>
         <run_address>0x61da</run_address>
         <size>0x6</size>
         <input_file_ref idref="fl-e"/>
      </object_component>
      <object_component id="oc-92">
         <name>.text:PWMGenIntClear</name>
         <load_address>0x61e0</load_address>
         <run_address>0x61e0</run_address>
         <size>0x6</size>
         <input_file_ref idref="fl-10"/>
      </object_component>
      <object_component id="oc-130">
         <name>.text:SysCtlDelay</name>
         <load_address>0x61e6</load_address>
         <run_address>0x61e6</run_address>
         <size>0x6</size>
         <input_file_ref idref="fl-12"/>
      </object_component>
      <object_component id="oc-17b">
         <name>.text:_system_pre_init</name>
         <load_address>0x61ec</load_address>
         <run_address>0x61ec</run_address>
         <size>0x4</size>
         <input_file_ref idref="fl-d6"/>
      </object_component>
      <object_component id="oc-252">
         <name>.text:abort:abort</name>
         <load_address>0x61f0</load_address>
         <run_address>0x61f0</run_address>
         <size>0x4</size>
         <input_file_ref idref="fl-d8"/>
      </object_component>
      <object_component id="oc-228">
         <name>.const:g_pui32Regs</name>
         <load_address>0x61f4</load_address>
         <run_address>0x61f4</run_address>
         <size>0x9c</size>
         <input_file_ref idref="fl-f"/>
      </object_component>
      <object_component id="oc-201">
         <name>.const:g_pui32GPIOBaseAddrs</name>
         <load_address>0x6290</load_address>
         <run_address>0x6290</run_address>
         <size>0x90</size>
         <input_file_ref idref="fl-e"/>
      </object_component>
      <object_component id="oc-1af">
         <name>.const:.string:ExCvt</name>
         <load_address>0x6320</load_address>
         <run_address>0x6320</run_address>
         <size>0x80</size>
         <input_file_ref idref="fl-7"/>
      </object_component>
      <object_component id="oc-207">
         <name>.const:g_pui32Xtals</name>
         <load_address>0x63a0</load_address>
         <run_address>0x63a0</run_address>
         <size>0x6c</size>
         <input_file_ref idref="fl-12"/>
      </object_component>
      <object_component id="oc-215">
         <name>.const:g_pui32EnRegs</name>
         <load_address>0x640c</load_address>
         <run_address>0x640c</run_address>
         <size>0x14</size>
         <input_file_ref idref="fl-f"/>
      </object_component>
      <object_component id="oc-1b8">
         <name>.const:.string:badchr$1</name>
         <load_address>0x6420</load_address>
         <run_address>0x6420</run_address>
         <size>0x12</size>
         <input_file_ref idref="fl-7"/>
      </object_component>
      <object_component id="oc-2ea">
         <name>.const:.string</name>
         <load_address>0x6434</load_address>
         <run_address>0x6434</run_address>
         <size>0x12</size>
         <input_file_ref idref="fl-5"/>
      </object_component>
      <object_component id="oc-1b9">
         <name>.const:defopt$4</name>
         <load_address>0x6448</load_address>
         <run_address>0x6448</run_address>
         <size>0x10</size>
         <input_file_ref idref="fl-7"/>
      </object_component>
      <object_component id="oc-1bb">
         <name>.const:cst$2</name>
         <load_address>0x6458</load_address>
         <run_address>0x6458</run_address>
         <size>0xe</size>
         <input_file_ref idref="fl-7"/>
      </object_component>
      <object_component id="oc-1ba">
         <name>.const:cst32$3</name>
         <load_address>0x6466</load_address>
         <run_address>0x6466</run_address>
         <size>0xe</size>
         <input_file_ref idref="fl-7"/>
      </object_component>
      <object_component id="oc-1f0">
         <name>.const:g_ui32UARTBase</name>
         <load_address>0x6474</load_address>
         <run_address>0x6474</run_address>
         <size>0xc</size>
         <input_file_ref idref="fl-5"/>
      </object_component>
      <object_component id="oc-1ea">
         <name>.const:g_ui32UARTPeriph</name>
         <load_address>0x6480</load_address>
         <run_address>0x6480</run_address>
         <size>0xc</size>
         <input_file_ref idref="fl-5"/>
      </object_component>
      <object_component id="oc-129">
         <name>.const:.string:$P$T2$3</name>
         <load_address>0x648c</load_address>
         <run_address>0x648c</run_address>
         <size>0xa</size>
         <input_file_ref idref="fl-3"/>
      </object_component>
      <object_component id="oc-144">
         <name>.const:.string:$P$T3$4</name>
         <load_address>0x6496</load_address>
         <run_address>0x6496</run_address>
         <size>0xa</size>
         <input_file_ref idref="fl-3"/>
      </object_component>
      <object_component id="oc-128">
         <name>.const:.string:$P$T1$2</name>
         <load_address>0x64a0</load_address>
         <run_address>0x64a0</run_address>
         <size>0x8</size>
         <input_file_ref idref="fl-3"/>
      </object_component>
      <object_component id="oc-eb">
         <name>.const:.string:$P$T0$1</name>
         <load_address>0x64a8</load_address>
         <run_address>0x64a8</run_address>
         <size>0x5</size>
         <input_file_ref idref="fl-3"/>
      </object_component>
      <object_component id="oc-1f8">
         <name>.const</name>
         <load_address>0x64b0</load_address>
         <run_address>0x64b0</run_address>
         <size>0x4</size>
         <input_file_ref idref="fl-5"/>
      </object_component>
      <object_component id="oc-3b5">
         <name>.cinit..data.load</name>
         <load_address>0x64b8</load_address>
         <run_address>0x64b8</run_address>
         <size>0x10</size>
      </object_component>
      <object_component id="oc-3b2">
         <name>__TI_handler_table</name>
         <load_address>0x64c8</load_address>
         <run_address>0x64c8</run_address>
         <size>0xc</size>
      </object_component>
      <object_component id="oc-3b6">
         <name>.cinit..bss.load</name>
         <load_address>0x64d8</load_address>
         <run_address>0x64d8</run_address>
         <size>0x8</size>
      </object_component>
      <object_component id="oc-3b4">
         <name>.cinit..vtable.load</name>
         <load_address>0x64e0</load_address>
         <run_address>0x64e0</run_address>
         <size>0x8</size>
      </object_component>
      <object_component id="oc-3b3">
         <name>__TI_cinit_table</name>
         <load_address>0x64e8</load_address>
         <run_address>0x64e8</run_address>
         <size>0x18</size>
      </object_component>
      <object_component id="oc-22c">
         <name>.vtable</name>
         <uninitialized>true</uninitialized>
         <run_address>0x20000000</run_address>
         <size>0x26c</size>
         <input_file_ref idref="fl-f"/>
      </object_component>
      <object_component id="oc-ec">
         <name>.data</name>
         <load_address>0x20000b18</load_address>
         <run_address>0x20000b18</run_address>
         <size>0x9</size>
         <input_file_ref idref="fl-3"/>
      </object_component>
      <object_component id="oc-1ed">
         <name>.data</name>
         <load_address>0x20000b24</load_address>
         <run_address>0x20000b24</run_address>
         <size>0x5</size>
         <input_file_ref idref="fl-5"/>
      </object_component>
      <object_component id="oc-2c0">
         <name>.data</name>
         <load_address>0x20000b21</load_address>
         <run_address>0x20000b21</run_address>
         <size>0x1</size>
         <input_file_ref idref="fl-8"/>
      </object_component>
      <object_component id="oc-1b2">
         <name>.bss:FatFs</name>
         <uninitialized>true</uninitialized>
         <run_address>0x20000904</run_address>
         <size>0x4</size>
         <input_file_ref idref="fl-7"/>
      </object_component>
      <object_component id="oc-1b5">
         <name>.bss</name>
         <uninitialized>true</uninitialized>
         <run_address>0x20000914</run_address>
         <size>0x2</size>
         <input_file_ref idref="fl-7"/>
      </object_component>
      <object_component id="oc-2c3">
         <name>.bss</name>
         <uninitialized>true</uninitialized>
         <run_address>0x20000916</run_address>
         <size>0x1</size>
         <input_file_ref idref="fl-8"/>
      </object_component>
      <object_component id="oc-e6">
         <name>.common:FatFs</name>
         <uninitialized>true</uninitialized>
         <run_address>0x2000026c</run_address>
         <size>0x230</size>
      </object_component>
      <object_component id="oc-143">
         <name>.common:Fil</name>
         <uninitialized>true</uninitialized>
         <run_address>0x2000049c</run_address>
         <size>0x22c</size>
      </object_component>
      <object_component id="oc-e9">
         <name>.common:DirMusic</name>
         <uninitialized>true</uninitialized>
         <run_address>0x200008bc</run_address>
         <size>0x30</size>
      </object_component>
      <object_component id="oc-ea">
         <name>.common:FileInfo</name>
         <uninitialized>true</uninitialized>
         <run_address>0x200008ec</run_address>
         <size>0x18</size>
      </object_component>
      <object_component id="oc-fc">
         <name>.common:SoundArray</name>
         <uninitialized>true</uninitialized>
         <run_address>0x200006c8</run_address>
         <size>0x1f4</size>
      </object_component>
      <object_component id="oc-148">
         <name>.common:rx_32</name>
         <uninitialized>true</uninitialized>
         <run_address>0x20000908</run_address>
         <size>0x4</size>
      </object_component>
      <object_component id="oc-fb">
         <name>.common:u32CountWriteSoundArray</name>
         <uninitialized>true</uninitialized>
         <run_address>0x20000910</run_address>
         <size>0x4</size>
      </object_component>
      <object_component id="oc-fd">
         <name>.common:u32CountReadSoundArray</name>
         <uninitialized>true</uninitialized>
         <run_address>0x2000090c</run_address>
         <size>0x4</size>
      </object_component>
      <object_component id="oc-145">
         <name>.common:audioState</name>
         <uninitialized>true</uninitialized>
         <run_address>0x20000917</run_address>
         <size>0x1</size>
      </object_component>
      <object_component id="oc-24">
         <name>.stack</name>
         <uninitialized>true</uninitialized>
         <run_address>0x20000918</run_address>
         <size>0x4</size>
         <input_file_ref idref="fl-d3"/>
      </object_component>
      <object_component id="oc-3b8">
         <name>.stack</name>
         <uninitialized>true</uninitialized>
         <run_address>0x20000918</run_address>
         <size>0x0</size>
      </object_component>
      <object_component id="oc-241">
         <name>.debug_info</name>
         <load_address>0x0</load_address>
         <run_address>0x0</run_address>
         <size>0x36c</size>
         <input_file_ref idref="fl-2"/>
      </object_component>
      <object_component id="oc-14f">
         <name>.debug_info</name>
         <load_address>0x36c</load_address>
         <run_address>0x36c</run_address>
         <size>0x630</size>
         <input_file_ref idref="fl-2"/>
      </object_component>
      <object_component id="oc-1bd">
         <name>.debug_info</name>
         <load_address>0x99c</load_address>
         <run_address>0x99c</run_address>
         <size>0x70</size>
         <input_file_ref idref="fl-2"/>
      </object_component>
      <object_component id="oc-303">
         <name>.debug_info</name>
         <load_address>0xa0c</load_address>
         <run_address>0xa0c</run_address>
         <size>0x103</size>
         <input_file_ref idref="fl-2"/>
      </object_component>
      <object_component id="oc-15b">
         <name>.debug_info</name>
         <load_address>0xb0f</load_address>
         <run_address>0xb0f</run_address>
         <size>0x26b</size>
         <input_file_ref idref="fl-2"/>
      </object_component>
      <object_component id="oc-3c">
         <name>.debug_info</name>
         <load_address>0xd7a</load_address>
         <run_address>0xd7a</run_address>
         <size>0x84</size>
         <input_file_ref idref="fl-2"/>
      </object_component>
      <object_component id="oc-242">
         <name>.debug_info</name>
         <load_address>0xdfe</load_address>
         <run_address>0xdfe</run_address>
         <size>0x2a4</size>
         <input_file_ref idref="fl-2"/>
      </object_component>
      <object_component id="oc-154">
         <name>.debug_info</name>
         <load_address>0x10a2</load_address>
         <run_address>0x10a2</run_address>
         <size>0xbb</size>
         <input_file_ref idref="fl-2"/>
      </object_component>
      <object_component id="oc-e7">
         <name>.debug_info</name>
         <load_address>0x115d</load_address>
         <run_address>0x115d</run_address>
         <size>0xc94</size>
         <input_file_ref idref="fl-3"/>
      </object_component>
      <object_component id="oc-ed">
         <name>.debug_info</name>
         <load_address>0x1df1</load_address>
         <run_address>0x1df1</run_address>
         <size>0x115</size>
         <input_file_ref idref="fl-3"/>
      </object_component>
      <object_component id="oc-2e">
         <name>.debug_info</name>
         <load_address>0x1f06</load_address>
         <run_address>0x1f06</run_address>
         <size>0xa1b</size>
         <input_file_ref idref="fl-3"/>
      </object_component>
      <object_component id="oc-14a">
         <name>.debug_info</name>
         <load_address>0x2921</load_address>
         <run_address>0x2921</run_address>
         <size>0x8b</size>
         <input_file_ref idref="fl-3"/>
      </object_component>
      <object_component id="oc-1c7">
         <name>.debug_info</name>
         <load_address>0x29ac</load_address>
         <run_address>0x29ac</run_address>
         <size>0x2c</size>
         <input_file_ref idref="fl-3"/>
      </object_component>
      <object_component id="oc-35">
         <name>.debug_info</name>
         <load_address>0x29d8</load_address>
         <run_address>0x29d8</run_address>
         <size>0x2d4</size>
         <input_file_ref idref="fl-4"/>
      </object_component>
      <object_component id="oc-13">
         <name>.debug_info</name>
         <load_address>0x2cac</load_address>
         <run_address>0x2cac</run_address>
         <size>0xe7</size>
         <input_file_ref idref="fl-4"/>
      </object_component>
      <object_component id="oc-28">
         <name>.debug_info</name>
         <load_address>0x2d93</load_address>
         <run_address>0x2d93</run_address>
         <size>0x263</size>
         <input_file_ref idref="fl-4"/>
      </object_component>
      <object_component id="oc-1fc">
         <name>.debug_info</name>
         <load_address>0x2ff6</load_address>
         <run_address>0x2ff6</run_address>
         <size>0x3dc</size>
         <input_file_ref idref="fl-5"/>
      </object_component>
      <object_component id="oc-1ee">
         <name>.debug_info</name>
         <load_address>0x33d2</load_address>
         <run_address>0x33d2</run_address>
         <size>0xd3</size>
         <input_file_ref idref="fl-5"/>
      </object_component>
      <object_component id="oc-1f9">
         <name>.debug_info</name>
         <load_address>0x34a5</load_address>
         <run_address>0x34a5</run_address>
         <size>0xcd</size>
         <input_file_ref idref="fl-5"/>
      </object_component>
      <object_component id="oc-1f1">
         <name>.debug_info</name>
         <load_address>0x3572</load_address>
         <run_address>0x3572</run_address>
         <size>0xdb</size>
         <input_file_ref idref="fl-5"/>
      </object_component>
      <object_component id="oc-1eb">
         <name>.debug_info</name>
         <load_address>0x364d</load_address>
         <run_address>0x364d</run_address>
         <size>0xdf</size>
         <input_file_ref idref="fl-5"/>
      </object_component>
      <object_component id="oc-8d">
         <name>.debug_info</name>
         <load_address>0x372c</load_address>
         <run_address>0x372c</run_address>
         <size>0x77c</size>
         <input_file_ref idref="fl-5"/>
      </object_component>
      <object_component id="oc-2ac">
         <name>.debug_info</name>
         <load_address>0x3ea8</load_address>
         <run_address>0x3ea8</run_address>
         <size>0x403</size>
         <input_file_ref idref="fl-6"/>
      </object_component>
      <object_component id="oc-146">
         <name>.debug_info</name>
         <load_address>0x42ab</load_address>
         <run_address>0x42ab</run_address>
         <size>0x58b</size>
         <input_file_ref idref="fl-7"/>
      </object_component>
      <object_component id="oc-1b3">
         <name>.debug_info</name>
         <load_address>0x4836</load_address>
         <run_address>0x4836</run_address>
         <size>0xd1</size>
         <input_file_ref idref="fl-7"/>
      </object_component>
      <object_component id="oc-1b6">
         <name>.debug_info</name>
         <load_address>0x4907</load_address>
         <run_address>0x4907</run_address>
         <size>0xcf</size>
         <input_file_ref idref="fl-7"/>
      </object_component>
      <object_component id="oc-1b0">
         <name>.debug_info</name>
         <load_address>0x49d6</load_address>
         <run_address>0x49d6</run_address>
         <size>0xd1</size>
         <input_file_ref idref="fl-7"/>
      </object_component>
      <object_component id="oc-87">
         <name>.debug_info</name>
         <load_address>0x4aa7</load_address>
         <run_address>0x4aa7</run_address>
         <size>0x5341</size>
         <input_file_ref idref="fl-7"/>
      </object_component>
      <object_component id="oc-1c2">
         <name>.debug_info</name>
         <load_address>0x9de8</load_address>
         <run_address>0x9de8</run_address>
         <size>0x8c</size>
         <input_file_ref idref="fl-7"/>
      </object_component>
      <object_component id="oc-23c">
         <name>.debug_info</name>
         <load_address>0x9e74</load_address>
         <run_address>0x9e74</run_address>
         <size>0x2c</size>
         <input_file_ref idref="fl-7"/>
      </object_component>
      <object_component id="oc-2c7">
         <name>.debug_info</name>
         <load_address>0x9ea0</load_address>
         <run_address>0x9ea0</run_address>
         <size>0x3b8</size>
         <input_file_ref idref="fl-8"/>
      </object_component>
      <object_component id="oc-2c1">
         <name>.debug_info</name>
         <load_address>0xa258</load_address>
         <run_address>0xa258</run_address>
         <size>0xe1</size>
         <input_file_ref idref="fl-8"/>
      </object_component>
      <object_component id="oc-2c4">
         <name>.debug_info</name>
         <load_address>0xa339</load_address>
         <run_address>0xa339</run_address>
         <size>0xd8</size>
         <input_file_ref idref="fl-8"/>
      </object_component>
      <object_component id="oc-19e">
         <name>.debug_info</name>
         <load_address>0xa411</load_address>
         <run_address>0xa411</run_address>
         <size>0xed4</size>
         <input_file_ref idref="fl-8"/>
      </object_component>
      <object_component id="oc-19c">
         <name>.debug_info</name>
         <load_address>0xb2e5</load_address>
         <run_address>0xb2e5</run_address>
         <size>0x3e4</size>
         <input_file_ref idref="fl-e"/>
      </object_component>
      <object_component id="oc-202">
         <name>.debug_info</name>
         <load_address>0xb6c9</load_address>
         <run_address>0xb6c9</run_address>
         <size>0x164</size>
         <input_file_ref idref="fl-e"/>
      </object_component>
      <object_component id="oc-2be">
         <name>.debug_info</name>
         <load_address>0xb82d</load_address>
         <run_address>0xb82d</run_address>
         <size>0x2ac</size>
         <input_file_ref idref="fl-e"/>
      </object_component>
      <object_component id="oc-199">
         <name>.debug_info</name>
         <load_address>0xbad9</load_address>
         <run_address>0xbad9</run_address>
         <size>0x2bc</size>
         <input_file_ref idref="fl-e"/>
      </object_component>
      <object_component id="oc-10e">
         <name>.debug_info</name>
         <load_address>0xbd95</load_address>
         <run_address>0xbd95</run_address>
         <size>0x31f</size>
         <input_file_ref idref="fl-e"/>
      </object_component>
      <object_component id="oc-e3">
         <name>.debug_info</name>
         <load_address>0xc0b4</load_address>
         <run_address>0xc0b4</run_address>
         <size>0x29b</size>
         <input_file_ref idref="fl-e"/>
      </object_component>
      <object_component id="oc-32b">
         <name>.debug_info</name>
         <load_address>0xc34f</load_address>
         <run_address>0xc34f</run_address>
         <size>0x299</size>
         <input_file_ref idref="fl-e"/>
      </object_component>
      <object_component id="oc-ad">
         <name>.debug_info</name>
         <load_address>0xc5e8</load_address>
         <run_address>0xc5e8</run_address>
         <size>0x299</size>
         <input_file_ref idref="fl-e"/>
      </object_component>
      <object_component id="oc-83">
         <name>.debug_info</name>
         <load_address>0xc881</load_address>
         <run_address>0xc881</run_address>
         <size>0x2c0</size>
         <input_file_ref idref="fl-e"/>
      </object_component>
      <object_component id="oc-107">
         <name>.debug_info</name>
         <load_address>0xcb41</load_address>
         <run_address>0xcb41</run_address>
         <size>0x2a5</size>
         <input_file_ref idref="fl-e"/>
      </object_component>
      <object_component id="oc-140">
         <name>.debug_info</name>
         <load_address>0xcde6</load_address>
         <run_address>0xcde6</run_address>
         <size>0x284</size>
         <input_file_ref idref="fl-e"/>
      </object_component>
      <object_component id="oc-a7">
         <name>.debug_info</name>
         <load_address>0xd06a</load_address>
         <run_address>0xd06a</run_address>
         <size>0x289</size>
         <input_file_ref idref="fl-e"/>
      </object_component>
      <object_component id="oc-119">
         <name>.debug_info</name>
         <load_address>0xd2f3</load_address>
         <run_address>0xd2f3</run_address>
         <size>0x2c4</size>
         <input_file_ref idref="fl-e"/>
      </object_component>
      <object_component id="oc-134">
         <name>.debug_info</name>
         <load_address>0xd5b7</load_address>
         <run_address>0xd5b7</run_address>
         <size>0x288</size>
         <input_file_ref idref="fl-e"/>
      </object_component>
      <object_component id="oc-113">
         <name>.debug_info</name>
         <load_address>0xd83f</load_address>
         <run_address>0xd83f</run_address>
         <size>0x298</size>
         <input_file_ref idref="fl-e"/>
      </object_component>
      <object_component id="oc-138">
         <name>.debug_info</name>
         <load_address>0xdad7</load_address>
         <run_address>0xdad7</run_address>
         <size>0x296</size>
         <input_file_ref idref="fl-e"/>
      </object_component>
      <object_component id="oc-2a0">
         <name>.debug_info</name>
         <load_address>0xdd6d</load_address>
         <run_address>0xdd6d</run_address>
         <size>0x26b</size>
         <input_file_ref idref="fl-e"/>
      </object_component>
      <object_component id="oc-290">
         <name>.debug_info</name>
         <load_address>0xdfd8</load_address>
         <run_address>0xdfd8</run_address>
         <size>0x297</size>
         <input_file_ref idref="fl-e"/>
      </object_component>
      <object_component id="oc-29b">
         <name>.debug_info</name>
         <load_address>0xe26f</load_address>
         <run_address>0xe26f</run_address>
         <size>0xef</size>
         <input_file_ref idref="fl-e"/>
      </object_component>
      <object_component id="oc-18e">
         <name>.debug_info</name>
         <load_address>0xe35e</load_address>
         <run_address>0xe35e</run_address>
         <size>0xbb</size>
         <input_file_ref idref="fl-e"/>
      </object_component>
      <object_component id="oc-219">
         <name>.debug_info</name>
         <load_address>0xe419</load_address>
         <run_address>0xe419</run_address>
         <size>0x3b7</size>
         <input_file_ref idref="fl-f"/>
      </object_component>
      <object_component id="oc-229">
         <name>.debug_info</name>
         <load_address>0xe7d0</load_address>
         <run_address>0xe7d0</run_address>
         <size>0x157</size>
         <input_file_ref idref="fl-f"/>
      </object_component>
      <object_component id="oc-216">
         <name>.debug_info</name>
         <load_address>0xe927</load_address>
         <run_address>0xe927</run_address>
         <size>0x15b</size>
         <input_file_ref idref="fl-f"/>
      </object_component>
      <object_component id="oc-22d">
         <name>.debug_info</name>
         <load_address>0xea82</load_address>
         <run_address>0xea82</run_address>
         <size>0x160</size>
         <input_file_ref idref="fl-f"/>
      </object_component>
      <object_component id="oc-123">
         <name>.debug_info</name>
         <load_address>0xebe2</load_address>
         <run_address>0xebe2</run_address>
         <size>0x2ca</size>
         <input_file_ref idref="fl-f"/>
      </object_component>
      <object_component id="oc-11e">
         <name>.debug_info</name>
         <load_address>0xeeac</load_address>
         <run_address>0xeeac</run_address>
         <size>0x2d2</size>
         <input_file_ref idref="fl-f"/>
      </object_component>
      <object_component id="oc-c5">
         <name>.debug_info</name>
         <load_address>0xf17e</load_address>
         <run_address>0xf17e</run_address>
         <size>0x247</size>
         <input_file_ref idref="fl-f"/>
      </object_component>
      <object_component id="oc-12b">
         <name>.debug_info</name>
         <load_address>0xf3c5</load_address>
         <run_address>0xf3c5</run_address>
         <size>0x249</size>
         <input_file_ref idref="fl-f"/>
      </object_component>
      <object_component id="oc-d6">
         <name>.debug_info</name>
         <load_address>0xf60e</load_address>
         <run_address>0xf60e</run_address>
         <size>0x271</size>
         <input_file_ref idref="fl-f"/>
      </object_component>
      <object_component id="oc-1fe">
         <name>.debug_info</name>
         <load_address>0xf87f</load_address>
         <run_address>0xf87f</run_address>
         <size>0x396</size>
         <input_file_ref idref="fl-10"/>
      </object_component>
      <object_component id="oc-9a">
         <name>.debug_info</name>
         <load_address>0xfc15</load_address>
         <run_address>0xfc15</run_address>
         <size>0x2ff</size>
         <input_file_ref idref="fl-10"/>
      </object_component>
      <object_component id="oc-dd">
         <name>.debug_info</name>
         <load_address>0xff14</load_address>
         <run_address>0xff14</run_address>
         <size>0x2cd</size>
         <input_file_ref idref="fl-10"/>
      </object_component>
      <object_component id="oc-ca">
         <name>.debug_info</name>
         <load_address>0x101e1</load_address>
         <run_address>0x101e1</run_address>
         <size>0x293</size>
         <input_file_ref idref="fl-10"/>
      </object_component>
      <object_component id="oc-bf">
         <name>.debug_info</name>
         <load_address>0x10474</load_address>
         <run_address>0x10474</run_address>
         <size>0x2bf</size>
         <input_file_ref idref="fl-10"/>
      </object_component>
      <object_component id="oc-d0">
         <name>.debug_info</name>
         <load_address>0x10733</load_address>
         <run_address>0x10733</run_address>
         <size>0x2cb</size>
         <input_file_ref idref="fl-10"/>
      </object_component>
      <object_component id="oc-94">
         <name>.debug_info</name>
         <load_address>0x109fe</load_address>
         <run_address>0x109fe</run_address>
         <size>0x2b5</size>
         <input_file_ref idref="fl-10"/>
      </object_component>
      <object_component id="oc-f2">
         <name>.debug_info</name>
         <load_address>0x10cb3</load_address>
         <run_address>0x10cb3</run_address>
         <size>0x27f</size>
         <input_file_ref idref="fl-10"/>
      </object_component>
      <object_component id="oc-f8">
         <name>.debug_info</name>
         <load_address>0x10f32</load_address>
         <run_address>0x10f32</run_address>
         <size>0x281</size>
         <input_file_ref idref="fl-10"/>
      </object_component>
      <object_component id="oc-b3">
         <name>.debug_info</name>
         <load_address>0x111b3</load_address>
         <run_address>0x111b3</run_address>
         <size>0x2bc</size>
         <input_file_ref idref="fl-10"/>
      </object_component>
      <object_component id="oc-342">
         <name>.debug_info</name>
         <load_address>0x1146f</load_address>
         <run_address>0x1146f</run_address>
         <size>0x3c0</size>
         <input_file_ref idref="fl-11"/>
      </object_component>
      <object_component id="oc-336">
         <name>.debug_info</name>
         <load_address>0x1182f</load_address>
         <run_address>0x1182f</run_address>
         <size>0x24b</size>
         <input_file_ref idref="fl-11"/>
      </object_component>
      <object_component id="oc-2b1">
         <name>.debug_info</name>
         <load_address>0x11a7a</load_address>
         <run_address>0x11a7a</run_address>
         <size>0x27f</size>
         <input_file_ref idref="fl-11"/>
      </object_component>
      <object_component id="oc-33c">
         <name>.debug_info</name>
         <load_address>0x11cf9</load_address>
         <run_address>0x11cf9</run_address>
         <size>0x2a3</size>
         <input_file_ref idref="fl-11"/>
      </object_component>
      <object_component id="oc-2b7">
         <name>.debug_info</name>
         <load_address>0x11f9c</load_address>
         <run_address>0x11f9c</run_address>
         <size>0x283</size>
         <input_file_ref idref="fl-11"/>
      </object_component>
      <object_component id="oc-331">
         <name>.debug_info</name>
         <load_address>0x1221f</load_address>
         <run_address>0x1221f</run_address>
         <size>0x3e2</size>
         <input_file_ref idref="fl-11"/>
      </object_component>
      <object_component id="oc-193">
         <name>.debug_info</name>
         <load_address>0x12601</load_address>
         <run_address>0x12601</run_address>
         <size>0x441</size>
         <input_file_ref idref="fl-12"/>
      </object_component>
      <object_component id="oc-208">
         <name>.debug_info</name>
         <load_address>0x12a42</load_address>
         <run_address>0x12a42</run_address>
         <size>0x156</size>
         <input_file_ref idref="fl-12"/>
      </object_component>
      <object_component id="oc-1cd">
         <name>.debug_info</name>
         <load_address>0x12b98</load_address>
         <run_address>0x12b98</run_address>
         <size>0x28c</size>
         <input_file_ref idref="fl-12"/>
      </object_component>
      <object_component id="oc-7b">
         <name>.debug_info</name>
         <load_address>0x12e24</load_address>
         <run_address>0x12e24</run_address>
         <size>0x286</size>
         <input_file_ref idref="fl-12"/>
      </object_component>
      <object_component id="oc-9f">
         <name>.debug_info</name>
         <load_address>0x130aa</load_address>
         <run_address>0x130aa</run_address>
         <size>0x26c</size>
         <input_file_ref idref="fl-12"/>
      </object_component>
      <object_component id="oc-75">
         <name>.debug_info</name>
         <load_address>0x13316</load_address>
         <run_address>0x13316</run_address>
         <size>0x2e4</size>
         <input_file_ref idref="fl-12"/>
      </object_component>
      <object_component id="oc-b7">
         <name>.debug_info</name>
         <load_address>0x135fa</load_address>
         <run_address>0x135fa</run_address>
         <size>0x2be</size>
         <input_file_ref idref="fl-12"/>
      </object_component>
      <object_component id="oc-297">
         <name>.debug_info</name>
         <load_address>0x138b8</load_address>
         <run_address>0x138b8</run_address>
         <size>0x51</size>
         <input_file_ref idref="fl-12"/>
      </object_component>
      <object_component id="oc-223">
         <name>.debug_info</name>
         <load_address>0x13909</load_address>
         <run_address>0x13909</run_address>
         <size>0x3c7</size>
         <input_file_ref idref="fl-13"/>
      </object_component>
      <object_component id="oc-100">
         <name>.debug_info</name>
         <load_address>0x13cd0</load_address>
         <run_address>0x13cd0</run_address>
         <size>0x295</size>
         <input_file_ref idref="fl-13"/>
      </object_component>
      <object_component id="oc-2da">
         <name>.debug_info</name>
         <load_address>0x13f65</load_address>
         <run_address>0x13f65</run_address>
         <size>0x3cb</size>
         <input_file_ref idref="fl-14"/>
      </object_component>
      <object_component id="oc-1da">
         <name>.debug_info</name>
         <load_address>0x14330</load_address>
         <run_address>0x14330</run_address>
         <size>0x250</size>
         <input_file_ref idref="fl-14"/>
      </object_component>
      <object_component id="oc-2d5">
         <name>.debug_info</name>
         <load_address>0x14580</load_address>
         <run_address>0x14580</run_address>
         <size>0x252</size>
         <input_file_ref idref="fl-14"/>
      </object_component>
      <object_component id="oc-1d4">
         <name>.debug_info</name>
         <load_address>0x147d2</load_address>
         <run_address>0x147d2</run_address>
         <size>0x32f</size>
         <input_file_ref idref="fl-14"/>
      </object_component>
      <object_component id="oc-1e0">
         <name>.debug_info</name>
         <load_address>0x14b01</load_address>
         <run_address>0x14b01</run_address>
         <size>0x27c</size>
         <input_file_ref idref="fl-14"/>
      </object_component>
      <object_component id="oc-1e6">
         <name>.debug_info</name>
         <load_address>0x14d7d</load_address>
         <run_address>0x14d7d</run_address>
         <size>0x256</size>
         <input_file_ref idref="fl-14"/>
      </object_component>
      <object_component id="oc-20d">
         <name>.debug_info</name>
         <load_address>0x14fd3</load_address>
         <run_address>0x14fd3</run_address>
         <size>0x21b</size>
         <input_file_ref idref="fl-15"/>
      </object_component>
      <object_component id="oc-234">
         <name>.debug_info</name>
         <load_address>0x151ee</load_address>
         <run_address>0x151ee</run_address>
         <size>0x218</size>
         <input_file_ref idref="fl-15"/>
      </object_component>
      <object_component id="oc-42">
         <name>.debug_info</name>
         <load_address>0x15406</load_address>
         <run_address>0x15406</run_address>
         <size>0x119</size>
         <input_file_ref idref="fl-cb"/>
      </object_component>
      <object_component id="oc-176">
         <name>.debug_info</name>
         <load_address>0x1551f</load_address>
         <run_address>0x1551f</run_address>
         <size>0x147</size>
         <input_file_ref idref="fl-cc"/>
      </object_component>
      <object_component id="oc-1f6">
         <name>.debug_info</name>
         <load_address>0x15666</load_address>
         <run_address>0x15666</run_address>
         <size>0x142</size>
         <input_file_ref idref="fl-cd"/>
      </object_component>
      <object_component id="oc-174">
         <name>.debug_info</name>
         <load_address>0x157a8</load_address>
         <run_address>0x157a8</run_address>
         <size>0x2d4</size>
         <input_file_ref idref="fl-ce"/>
      </object_component>
      <object_component id="oc-55">
         <name>.debug_info</name>
         <load_address>0x15a7c</load_address>
         <run_address>0x15a7c</run_address>
         <size>0x1b5</size>
         <input_file_ref idref="fl-ce"/>
      </object_component>
      <object_component id="oc-16f">
         <name>.debug_info</name>
         <load_address>0x15c31</load_address>
         <run_address>0x15c31</run_address>
         <size>0x46</size>
         <input_file_ref idref="fl-ce"/>
      </object_component>
      <object_component id="oc-4c">
         <name>.debug_info</name>
         <load_address>0x15c77</load_address>
         <run_address>0x15c77</run_address>
         <size>0x2a8</size>
         <input_file_ref idref="fl-cf"/>
      </object_component>
      <object_component id="oc-1d">
         <name>.debug_info</name>
         <load_address>0x15f1f</load_address>
         <run_address>0x15f1f</run_address>
         <size>0x1ea</size>
         <input_file_ref idref="fl-cf"/>
      </object_component>
      <object_component id="oc-47">
         <name>.debug_info</name>
         <load_address>0x16109</load_address>
         <run_address>0x16109</run_address>
         <size>0x46</size>
         <input_file_ref idref="fl-cf"/>
      </object_component>
      <object_component id="oc-167">
         <name>.debug_info</name>
         <load_address>0x1614f</load_address>
         <run_address>0x1614f</run_address>
         <size>0x2c</size>
         <input_file_ref idref="fl-cf"/>
      </object_component>
      <object_component id="oc-165">
         <name>.debug_info</name>
         <load_address>0x1617b</load_address>
         <run_address>0x1617b</run_address>
         <size>0x29e</size>
         <input_file_ref idref="fl-d0"/>
      </object_component>
      <object_component id="oc-16">
         <name>.debug_info</name>
         <load_address>0x16419</load_address>
         <run_address>0x16419</run_address>
         <size>0x250</size>
         <input_file_ref idref="fl-d0"/>
      </object_component>
      <object_component id="oc-37">
         <name>.debug_info</name>
         <load_address>0x16669</load_address>
         <run_address>0x16669</run_address>
         <size>0x60</size>
         <input_file_ref idref="fl-d0"/>
      </object_component>
      <object_component id="oc-247">
         <name>.debug_info</name>
         <load_address>0x166c9</load_address>
         <run_address>0x166c9</run_address>
         <size>0x46</size>
         <input_file_ref idref="fl-d0"/>
      </object_component>
      <object_component id="oc-160">
         <name>.debug_info</name>
         <load_address>0x1670f</load_address>
         <run_address>0x1670f</run_address>
         <size>0x39</size>
         <input_file_ref idref="fl-d0"/>
      </object_component>
      <object_component id="oc-2c9">
         <name>.debug_info</name>
         <load_address>0x16748</load_address>
         <run_address>0x16748</run_address>
         <size>0x29a</size>
         <input_file_ref idref="fl-d1"/>
      </object_component>
      <object_component id="oc-1a7">
         <name>.debug_info</name>
         <load_address>0x169e2</load_address>
         <run_address>0x169e2</run_address>
         <size>0x292</size>
         <input_file_ref idref="fl-d1"/>
      </object_component>
      <object_component id="oc-2cb">
         <name>.debug_info</name>
         <load_address>0x16c74</load_address>
         <run_address>0x16c74</run_address>
         <size>0x29a</size>
         <input_file_ref idref="fl-d2"/>
      </object_component>
      <object_component id="oc-1ac">
         <name>.debug_info</name>
         <load_address>0x16f0e</load_address>
         <run_address>0x16f0e</run_address>
         <size>0x262</size>
         <input_file_ref idref="fl-d2"/>
      </object_component>
      <object_component id="oc-25">
         <name>.debug_info</name>
         <load_address>0x17170</load_address>
         <run_address>0x17170</run_address>
         <size>0x10b</size>
         <input_file_ref idref="fl-d3"/>
      </object_component>
      <object_component id="oc-63">
         <name>.debug_info</name>
         <load_address>0x1727b</load_address>
         <run_address>0x1727b</run_address>
         <size>0x1a9</size>
         <input_file_ref idref="fl-d3"/>
      </object_component>
      <object_component id="oc-2e5">
         <name>.debug_info</name>
         <load_address>0x17424</load_address>
         <run_address>0x17424</run_address>
         <size>0x115</size>
         <input_file_ref idref="fl-d4"/>
      </object_component>
      <object_component id="oc-313">
         <name>.debug_info</name>
         <load_address>0x17539</load_address>
         <run_address>0x17539</run_address>
         <size>0x4b3</size>
         <input_file_ref idref="fl-d5"/>
      </object_component>
      <object_component id="oc-25f">
         <name>.debug_info</name>
         <load_address>0x179ec</load_address>
         <run_address>0x179ec</run_address>
         <size>0x1a6</size>
         <input_file_ref idref="fl-d5"/>
      </object_component>
      <object_component id="oc-363">
         <name>.debug_info</name>
         <load_address>0x17b92</load_address>
         <run_address>0x17b92</run_address>
         <size>0x39</size>
         <input_file_ref idref="fl-d5"/>
      </object_component>
      <object_component id="oc-37d">
         <name>.debug_info</name>
         <load_address>0x17bcb</load_address>
         <run_address>0x17bcb</run_address>
         <size>0x39</size>
         <input_file_ref idref="fl-d5"/>
      </object_component>
      <object_component id="oc-368">
         <name>.debug_info</name>
         <load_address>0x17c04</load_address>
         <run_address>0x17c04</run_address>
         <size>0x39</size>
         <input_file_ref idref="fl-d5"/>
      </object_component>
      <object_component id="oc-36d">
         <name>.debug_info</name>
         <load_address>0x17c3d</load_address>
         <run_address>0x17c3d</run_address>
         <size>0xcd</size>
         <input_file_ref idref="fl-d5"/>
      </object_component>
      <object_component id="oc-17c">
         <name>.debug_info</name>
         <load_address>0x17d0a</load_address>
         <run_address>0x17d0a</run_address>
         <size>0x153</size>
         <input_file_ref idref="fl-d6"/>
      </object_component>
      <object_component id="oc-255">
         <name>.debug_info</name>
         <load_address>0x17e5d</load_address>
         <run_address>0x17e5d</run_address>
         <size>0x122</size>
         <input_file_ref idref="fl-d8"/>
      </object_component>
      <object_component id="oc-3b9">
         <name>.debug_info</name>
         <load_address>0x17f7f</load_address>
         <run_address>0x17f7f</run_address>
         <size>0x9a</size>
      </object_component>
      <object_component id="oc-302">
         <name>.debug_line</name>
         <load_address>0x0</load_address>
         <run_address>0x0</run_address>
         <size>0x5c</size>
         <input_file_ref idref="fl-2"/>
      </object_component>
      <object_component id="oc-152">
         <name>.debug_line</name>
         <load_address>0x5c</load_address>
         <run_address>0x5c</run_address>
         <size>0x5c</size>
         <input_file_ref idref="fl-2"/>
      </object_component>
      <object_component id="oc-1c0">
         <name>.debug_line</name>
         <load_address>0xb8</load_address>
         <run_address>0xb8</run_address>
         <size>0x60</size>
         <input_file_ref idref="fl-2"/>
      </object_component>
      <object_component id="oc-306">
         <name>.debug_line</name>
         <load_address>0x118</load_address>
         <run_address>0x118</run_address>
         <size>0x33</size>
         <input_file_ref idref="fl-2"/>
      </object_component>
      <object_component id="oc-15e">
         <name>.debug_line</name>
         <load_address>0x14b</load_address>
         <run_address>0x14b</run_address>
         <size>0x6f</size>
         <input_file_ref idref="fl-2"/>
      </object_component>
      <object_component id="oc-3f">
         <name>.debug_line</name>
         <load_address>0x1ba</load_address>
         <run_address>0x1ba</run_address>
         <size>0x20</size>
         <input_file_ref idref="fl-2"/>
      </object_component>
      <object_component id="oc-245">
         <name>.debug_line</name>
         <load_address>0x1da</load_address>
         <run_address>0x1da</run_address>
         <size>0x73</size>
         <input_file_ref idref="fl-2"/>
      </object_component>
      <object_component id="oc-157">
         <name>.debug_line</name>
         <load_address>0x24d</load_address>
         <run_address>0x24d</run_address>
         <size>0x70</size>
         <input_file_ref idref="fl-2"/>
      </object_component>
      <object_component id="oc-21d">
         <name>.debug_line</name>
         <load_address>0x2bd</load_address>
         <run_address>0x2bd</run_address>
         <size>0x1b5</size>
         <input_file_ref idref="fl-3"/>
      </object_component>
      <object_component id="oc-21f">
         <name>.debug_line</name>
         <load_address>0x472</load_address>
         <run_address>0x472</run_address>
         <size>0x2d</size>
         <input_file_ref idref="fl-3"/>
      </object_component>
      <object_component id="oc-32">
         <name>.debug_line</name>
         <load_address>0x49f</load_address>
         <run_address>0x49f</run_address>
         <size>0x1a4</size>
         <input_file_ref idref="fl-3"/>
      </object_component>
      <object_component id="oc-14d">
         <name>.debug_line</name>
         <load_address>0x643</load_address>
         <run_address>0x643</run_address>
         <size>0x20</size>
         <input_file_ref idref="fl-3"/>
      </object_component>
      <object_component id="oc-1ca">
         <name>.debug_line</name>
         <load_address>0x663</load_address>
         <run_address>0x663</run_address>
         <size>0x6b</size>
         <input_file_ref idref="fl-3"/>
      </object_component>
      <object_component id="oc-15a">
         <name>.debug_line</name>
         <load_address>0x6ce</load_address>
         <run_address>0x6ce</run_address>
         <size>0x41</size>
         <input_file_ref idref="fl-4"/>
      </object_component>
      <object_component id="oc-34">
         <name>.debug_line</name>
         <load_address>0x70f</load_address>
         <run_address>0x70f</run_address>
         <size>0x41</size>
         <input_file_ref idref="fl-4"/>
      </object_component>
      <object_component id="oc-2b">
         <name>.debug_line</name>
         <load_address>0x750</load_address>
         <run_address>0x750</run_address>
         <size>0xa1</size>
         <input_file_ref idref="fl-4"/>
      </object_component>
      <object_component id="oc-2ee">
         <name>.debug_line</name>
         <load_address>0x7f1</load_address>
         <run_address>0x7f1</run_address>
         <size>0x8e</size>
         <input_file_ref idref="fl-5"/>
      </object_component>
      <object_component id="oc-2e1">
         <name>.debug_line</name>
         <load_address>0x87f</load_address>
         <run_address>0x87f</run_address>
         <size>0x32</size>
         <input_file_ref idref="fl-5"/>
      </object_component>
      <object_component id="oc-2ec">
         <name>.debug_line</name>
         <load_address>0x8b1</load_address>
         <run_address>0x8b1</run_address>
         <size>0x32</size>
         <input_file_ref idref="fl-5"/>
      </object_component>
      <object_component id="oc-2e3">
         <name>.debug_line</name>
         <load_address>0x8e3</load_address>
         <run_address>0x8e3</run_address>
         <size>0x32</size>
         <input_file_ref idref="fl-5"/>
      </object_component>
      <object_component id="oc-2df">
         <name>.debug_line</name>
         <load_address>0x915</load_address>
         <run_address>0x915</run_address>
         <size>0x32</size>
         <input_file_ref idref="fl-5"/>
      </object_component>
      <object_component id="oc-90">
         <name>.debug_line</name>
         <load_address>0x947</load_address>
         <run_address>0x947</run_address>
         <size>0x288</size>
         <input_file_ref idref="fl-5"/>
      </object_component>
      <object_component id="oc-2aa">
         <name>.debug_line</name>
         <load_address>0xbcf</load_address>
         <run_address>0xbcf</run_address>
         <size>0xa1</size>
         <input_file_ref idref="fl-6"/>
      </object_component>
      <object_component id="oc-23b">
         <name>.debug_line</name>
         <load_address>0xc70</load_address>
         <run_address>0xc70</run_address>
         <size>0xa1</size>
         <input_file_ref idref="fl-7"/>
      </object_component>
      <object_component id="oc-2cf">
         <name>.debug_line</name>
         <load_address>0xd11</load_address>
         <run_address>0xd11</run_address>
         <size>0x39</size>
         <input_file_ref idref="fl-7"/>
      </object_component>
      <object_component id="oc-2d1">
         <name>.debug_line</name>
         <load_address>0xd4a</load_address>
         <run_address>0xd4a</run_address>
         <size>0x39</size>
         <input_file_ref idref="fl-7"/>
      </object_component>
      <object_component id="oc-2cd">
         <name>.debug_line</name>
         <load_address>0xd83</load_address>
         <run_address>0xd83</run_address>
         <size>0x39</size>
         <input_file_ref idref="fl-7"/>
      </object_component>
      <object_component id="oc-8a">
         <name>.debug_line</name>
         <load_address>0xdbc</load_address>
         <run_address>0xdbc</run_address>
         <size>0x226a</size>
         <input_file_ref idref="fl-7"/>
      </object_component>
      <object_component id="oc-1c5">
         <name>.debug_line</name>
         <load_address>0x3026</load_address>
         <run_address>0x3026</run_address>
         <size>0x39</size>
         <input_file_ref idref="fl-7"/>
      </object_component>
      <object_component id="oc-23f">
         <name>.debug_line</name>
         <load_address>0x305f</load_address>
         <run_address>0x305f</run_address>
         <size>0x6b</size>
         <input_file_ref idref="fl-7"/>
      </object_component>
      <object_component id="oc-34a">
         <name>.debug_line</name>
         <load_address>0x30ca</load_address>
         <run_address>0x30ca</run_address>
         <size>0xad</size>
         <input_file_ref idref="fl-8"/>
      </object_component>
      <object_component id="oc-346">
         <name>.debug_line</name>
         <load_address>0x3177</load_address>
         <run_address>0x3177</run_address>
         <size>0x3b</size>
         <input_file_ref idref="fl-8"/>
      </object_component>
      <object_component id="oc-348">
         <name>.debug_line</name>
         <load_address>0x31b2</load_address>
         <run_address>0x31b2</run_address>
         <size>0x3b</size>
         <input_file_ref idref="fl-8"/>
      </object_component>
      <object_component id="oc-1a1">
         <name>.debug_line</name>
         <load_address>0x31ed</load_address>
         <run_address>0x31ed</run_address>
         <size>0x365</size>
         <input_file_ref idref="fl-8"/>
      </object_component>
      <object_component id="oc-2a7">
         <name>.debug_line</name>
         <load_address>0x3552</load_address>
         <run_address>0x3552</run_address>
         <size>0x82</size>
         <input_file_ref idref="fl-e"/>
      </object_component>
      <object_component id="oc-2f2">
         <name>.debug_line</name>
         <load_address>0x35d4</load_address>
         <run_address>0x35d4</run_address>
         <size>0x7d</size>
         <input_file_ref idref="fl-e"/>
      </object_component>
      <object_component id="oc-2bc">
         <name>.debug_line</name>
         <load_address>0x3651</load_address>
         <run_address>0x3651</run_address>
         <size>0x92</size>
         <input_file_ref idref="fl-e"/>
      </object_component>
      <object_component id="oc-197">
         <name>.debug_line</name>
         <load_address>0x36e3</load_address>
         <run_address>0x36e3</run_address>
         <size>0x95</size>
         <input_file_ref idref="fl-e"/>
      </object_component>
      <object_component id="oc-10c">
         <name>.debug_line</name>
         <load_address>0x3778</load_address>
         <run_address>0x3778</run_address>
         <size>0xc4</size>
         <input_file_ref idref="fl-e"/>
      </object_component>
      <object_component id="oc-e1">
         <name>.debug_line</name>
         <load_address>0x383c</load_address>
         <run_address>0x383c</run_address>
         <size>0x99</size>
         <input_file_ref idref="fl-e"/>
      </object_component>
      <object_component id="oc-329">
         <name>.debug_line</name>
         <load_address>0x38d5</load_address>
         <run_address>0x38d5</run_address>
         <size>0x99</size>
         <input_file_ref idref="fl-e"/>
      </object_component>
      <object_component id="oc-ab">
         <name>.debug_line</name>
         <load_address>0x396e</load_address>
         <run_address>0x396e</run_address>
         <size>0x99</size>
         <input_file_ref idref="fl-e"/>
      </object_component>
      <object_component id="oc-81">
         <name>.debug_line</name>
         <load_address>0x3a07</load_address>
         <run_address>0x3a07</run_address>
         <size>0x99</size>
         <input_file_ref idref="fl-e"/>
      </object_component>
      <object_component id="oc-105">
         <name>.debug_line</name>
         <load_address>0x3aa0</load_address>
         <run_address>0x3aa0</run_address>
         <size>0x99</size>
         <input_file_ref idref="fl-e"/>
      </object_component>
      <object_component id="oc-13e">
         <name>.debug_line</name>
         <load_address>0x3b39</load_address>
         <run_address>0x3b39</run_address>
         <size>0x92</size>
         <input_file_ref idref="fl-e"/>
      </object_component>
      <object_component id="oc-a5">
         <name>.debug_line</name>
         <load_address>0x3bcb</load_address>
         <run_address>0x3bcb</run_address>
         <size>0xa7</size>
         <input_file_ref idref="fl-e"/>
      </object_component>
      <object_component id="oc-117">
         <name>.debug_line</name>
         <load_address>0x3c72</load_address>
         <run_address>0x3c72</run_address>
         <size>0x95</size>
         <input_file_ref idref="fl-e"/>
      </object_component>
      <object_component id="oc-132">
         <name>.debug_line</name>
         <load_address>0x3d07</load_address>
         <run_address>0x3d07</run_address>
         <size>0x92</size>
         <input_file_ref idref="fl-e"/>
      </object_component>
      <object_component id="oc-111">
         <name>.debug_line</name>
         <load_address>0x3d99</load_address>
         <run_address>0x3d99</run_address>
         <size>0x92</size>
         <input_file_ref idref="fl-e"/>
      </object_component>
      <object_component id="oc-13b">
         <name>.debug_line</name>
         <load_address>0x3e2b</load_address>
         <run_address>0x3e2b</run_address>
         <size>0x92</size>
         <input_file_ref idref="fl-e"/>
      </object_component>
      <object_component id="oc-2a3">
         <name>.debug_line</name>
         <load_address>0x3ebd</load_address>
         <run_address>0x3ebd</run_address>
         <size>0x71</size>
         <input_file_ref idref="fl-e"/>
      </object_component>
      <object_component id="oc-293">
         <name>.debug_line</name>
         <load_address>0x3f2e</load_address>
         <run_address>0x3f2e</run_address>
         <size>0x75</size>
         <input_file_ref idref="fl-e"/>
      </object_component>
      <object_component id="oc-29e">
[...]
         <name>out_stream</name>
         <value>0x4c2b</value>
         <object_component_ref idref="oc-2d"/>
      </symbol>
      <symbol id="sm-d9">
         <name>main</name>
         <value>0x4b89</value>
         <object_component_ref idref="oc-2d"/>
      </symbol>
      <symbol id="sm-da">
         <name>InitDebug</name>
         <value>0x4d6d</value>
         <object_component_ref idref="oc-2d"/>
      </symbol>
      <symbol id="sm-db">
         <name>InitPWM</name>
         <value>0x4cdf</value>
         <object_component_ref idref="oc-2d"/>
      </symbol>
      <symbol id="sm-dc">
         <name>pSA_Write</name>
         <value>0x20000b18</value>
         <object_component_ref idref="oc-ec"/>
      </symbol>
      <symbol id="sm-dd">
         <name>InitGPIO</name>
         <value>0x4f25</value>
         <object_component_ref idref="oc-2d"/>
      </symbol>
      <symbol id="sm-f9">
         <name>ResetISR</name>
         <value>0x6189</value>
         <object_component_ref idref="oc-27"/>
      </symbol>
      <symbol id="sm-fa">
         <name>g_pfnVectors</name>
         <value>0x0</value>
         <object_component_ref idref="oc-12"/>
      </symbol>
      <symbol id="sm-16a">
         <name>UARTgetc</name>
         <value>0x52c9</value>
         <object_component_ref idref="oc-8c"/>
      </symbol>
      <symbol id="sm-16b">
         <name>UARTgets</name>
         <value>0x520f</value>
         <object_component_ref idref="oc-8c"/>
      </symbol>
      <symbol id="sm-16c">
         <name>UARTStdioConfig</name>
         <value>0x5179</value>
         <object_component_ref idref="oc-8c"/>
      </symbol>
      <symbol id="sm-16d">
         <name>UARTwrite</name>
         <value>0x51bf</value>
         <object_component_ref idref="oc-8c"/>
      </symbol>
      <symbol id="sm-16e">
         <name>UARTprintf</name>
         <value>0x55eb</value>
         <object_component_ref idref="oc-8c"/>
      </symbol>
      <symbol id="sm-16f">
         <name>UARTvprintf</name>
         <value>0x52f1</value>
         <object_component_ref idref="oc-8c"/>
      </symbol>
      <symbol id="sm-182">
         <name>DelayMs</name>
         <value>0x59b7</value>
         <object_component_ref idref="oc-2a8"/>
      </symbol>
      <symbol id="sm-183">
         <name>SPI_Init</name>
         <value>0x59d7</value>
         <object_component_ref idref="oc-2a8"/>
      </symbol>
      <symbol id="sm-184">
         <name>DelayUs</name>
         <value>0x5999</value>
         <object_component_ref idref="oc-2a8"/>
      </symbol>
      <symbol id="sm-4e5">
         <name>audioState</name>
         <value>0x20000917</value>
      </symbol>
      <symbol id="sm-4e6">
         <name>f_getfree</name>
         <value>0x285b</value>
         <object_component_ref idref="oc-86"/>
      </symbol>
      <symbol id="sm-4e7">
         <name>f_read</name>
         <value>0x1cd5</value>
         <object_component_ref idref="oc-86"/>
      </symbol>
      <symbol id="sm-4e8">
         <name>f_unlink</name>
         <value>0x2aa3</value>
         <object_component_ref idref="oc-86"/>
      </symbol>
      <symbol id="sm-4e9">
         <name>f_closedir</name>
         <value>0x26f7</value>
         <object_component_ref idref="oc-86"/>
      </symbol>
      <symbol id="sm-4ea">
         <name>f_mkdir</name>
         <value>0x2b95</value>
         <object_component_ref idref="oc-86"/>
      </symbol>
      <symbol id="sm-4eb">
         <name>f_findfirst</name>
         <value>0x27cd</value>
         <object_component_ref idref="oc-86"/>
      </symbol>
      <symbol id="sm-4ec">
         <name>f_chmod</name>
         <value>0x2e5d</value>
         <object_component_ref idref="oc-86"/>
      </symbol>
      <symbol id="sm-4ed">
         <name>f_utime</name>
         <value>0x2ef7</value>
         <object_component_ref idref="oc-86"/>
      </symbol>
      <symbol id="sm-4ee">
         <name>f_sync</name>
         <value>0x21a1</value>
         <object_component_ref idref="oc-86"/>
      </symbol>
      <symbol id="sm-4ef">
         <name>f_printf</name>
         <value>0x4139</value>
         <object_component_ref idref="oc-86"/>
      </symbol>
      <symbol id="sm-4f0">
         <name>f_findnext</name>
         <value>0x2791</value>
         <object_component_ref idref="oc-86"/>
      </symbol>
      <symbol id="sm-4f1">
         <name>f_write</name>
         <value>0x1f0b</value>
         <object_component_ref idref="oc-86"/>
      </symbol>
      <symbol id="sm-4f2">
         <name>f_mkfs</name>
         <value>0x37e5</value>
         <object_component_ref idref="oc-86"/>
      </symbol>
      <symbol id="sm-4f3">
         <name>f_getlabel</name>
         <value>0x2f73</value>
         <object_component_ref idref="oc-86"/>
      </symbol>
      <symbol id="sm-4f4">
         <name>f_expand</name>
         <value>0x3259</value>
         <object_component_ref idref="oc-86"/>
      </symbol>
      <symbol id="sm-4f5">
         <name>f_opendir</name>
         <value>0x2653</value>
         <object_component_ref idref="oc-86"/>
      </symbol>
      <symbol id="sm-4f6">
         <name>f_truncate</name>
         <value>0x2995</value>
         <object_component_ref idref="oc-86"/>
      </symbol>
      <symbol id="sm-4f7">
         <name>f_close</name>
         <value>0x2267</value>
         <object_component_ref idref="oc-86"/>
      </symbol>
      <symbol id="sm-4f8">
         <name>f_rename</name>
         <value>0x2ce7</value>
         <object_component_ref idref="oc-86"/>
      </symbol>
      <symbol id="sm-4f9">
         <name>f_forward</name>
         <value>0x33ff</value>
         <object_component_ref idref="oc-86"/>
      </symbol>
      <symbol id="sm-4fa">
         <name>f_open</name>
         <value>0x1a19</value>
         <object_component_ref idref="oc-86"/>
      </symbol>
      <symbol id="sm-4fb">
         <name>f_lseek</name>
         <value>0x229d</value>
         <object_component_ref idref="oc-86"/>
      </symbol>
      <symbol id="sm-4fc">
         <name>f_putc</name>
         <value>0x40dd</value>
         <object_component_ref idref="oc-86"/>
      </symbol>
      <symbol id="sm-4fd">
         <name>f_puts</name>
         <value>0x4105</value>
         <object_component_ref idref="oc-86"/>
      </symbol>
      <symbol id="sm-4fe">
         <name>f_gets</name>
         <value>0x3fa9</value>
         <object_component_ref idref="oc-86"/>
      </symbol>
      <symbol id="sm-4ff">
         <name>f_stat</name>
         <value>0x2807</value>
         <object_component_ref idref="oc-86"/>
      </symbol>
      <symbol id="sm-500">
         <name>f_mount</name>
         <value>0x1997</value>
         <object_component_ref idref="oc-86"/>
      </symbol>
      <symbol id="sm-501">
         <name>f_readdir</name>
         <value>0x2719</value>
         <object_component_ref idref="oc-86"/>
      </symbol>
      <symbol id="sm-502">
         <name>f_setlabel</name>
         <value>0x307d</value>
         <object_component_ref idref="oc-86"/>
      </symbol>
      <symbol id="sm-57e">
         <name>disk_status</name>
         <value>0x47a5</value>
         <object_component_ref idref="oc-19d"/>
      </symbol>
      <symbol id="sm-57f">
         <name>disk_read</name>
         <value>0x4939</value>
         <object_component_ref idref="oc-19d"/>
      </symbol>
      <symbol id="sm-580">
         <name>disk_initialize</name>
         <value>0x47c5</value>
         <object_component_ref idref="oc-19d"/>
      </symbol>
      <symbol id="sm-581">
         <name>disk_ioctl</name>
         <value>0x4a75</value>
         <object_component_ref idref="oc-19d"/>
      </symbol>
      <symbol id="sm-582">
         <name>disk_write</name>
         <value>0x49c5</value>
         <object_component_ref idref="oc-19d"/>
      </symbol>
      <symbol id="sm-620">
         <name>GPIOPinTypePWM</name>
         <value>0x6043</value>
         <object_component_ref idref="oc-aa"/>
      </symbol>
      <symbol id="sm-621">
         <name>GPIOPinConfigure</name>
         <value>0x5d15</value>
         <object_component_ref idref="oc-a4"/>
      </symbol>
      <symbol id="sm-622">
         <name>GPIOIntEnable</name>
         <value>0x614d</value>
         <object_component_ref idref="oc-110"/>
      </symbol>
      <symbol id="sm-623">
         <name>GPIOIntTypeSet</name>
         <value>0x5cbd</value>
         <object_component_ref idref="oc-116"/>
      </symbol>
      <symbol id="sm-624">
         <name>GPIOPinTypeGPIOInput</name>
         <value>0x602d</value>
         <object_component_ref idref="oc-104"/>
      </symbol>
      <symbol id="sm-625">
         <name>GPIOIntClear</name>
         <value>0x61cf</value>
         <object_component_ref idref="oc-137"/>
      </symbol>
      <symbol id="sm-626">
         <name>GPIOPinTypeUART</name>
         <value>0x606f</value>
         <object_component_ref idref="oc-e0"/>
      </symbol>
      <symbol id="sm-627">
         <name>GPIOIntStatus</name>
         <value>0x6119</value>
         <object_component_ref idref="oc-131"/>
      </symbol>
      <symbol id="sm-628">
         <name>GPIOPinTypeGPIOOutput</name>
         <value>0x6013</value>
         <object_component_ref idref="oc-80"/>
      </symbol>
      <symbol id="sm-629">
         <name>GPIOPinRead</name>
         <value>0x61d5</value>
         <object_component_ref idref="oc-13d"/>
      </symbol>
      <symbol id="sm-62a">
         <name>GPIODirModeSet</name>
         <value>0x5f3d</value>
         <object_component_ref idref="oc-195"/>
      </symbol>
      <symbol id="sm-62b">
         <name>GPIOPinWrite</name>
         <value>0x61db</value>
         <object_component_ref idref="oc-2ba"/>
      </symbol>
      <symbol id="sm-62c">
         <name>GPIOPadConfigSet</name>
         <value>0x5621</value>
         <object_component_ref idref="oc-10a"/>
      </symbol>
      <symbol id="sm-62d">
         <name>GPIOPinTypeSSI</name>
         <value>0x6059</value>
         <object_component_ref idref="oc-328"/>
      </symbol>
      <symbol id="sm-681">
         <name>IntPrioritySet</name>
         <value>0x5f69</value>
         <object_component_ref idref="oc-11c"/>
      </symbol>
      <symbol id="sm-682">
         <name>IntEnable</name>
         <value>0x5b8d</value>
         <object_component_ref idref="oc-d4"/>
      </symbol>
      <symbol id="sm-683">
         <name>IntRegister</name>
         <value>0x5ea1</value>
         <object_component_ref idref="oc-122"/>
      </symbol>
      <symbol id="sm-684">
         <name>IntMasterDisable</name>
         <value>0x60e9</value>
         <object_component_ref idref="oc-12a"/>
      </symbol>
      <symbol id="sm-685">
         <name>g_pfnRAMVectors</name>
         <value>0x20000000</value>
         <object_component_ref idref="oc-22c"/>
      </symbol>
      <symbol id="sm-686">
         <name>IntMasterEnable</name>
         <value>0x60f9</value>
         <object_component_ref idref="oc-c2"/>
      </symbol>
      <symbol id="sm-6d3">
         <name>PWMGenPeriodSet</name>
         <value>0x6109</value>
         <object_component_ref idref="oc-bc"/>
      </symbol>
      <symbol id="sm-6d4">
         <name>PWMGenIntTrigEnable</name>
         <value>0x6195</value>
         <object_component_ref idref="oc-ce"/>
      </symbol>
      <symbol id="sm-6d5">
         <name>PWMGenDisable</name>
         <value>0x6159</value>
         <object_component_ref idref="oc-f5"/>
      </symbol>
      <symbol id="sm-6d6">
         <name>PWMPulseWidthSet</name>
         <value>0x5ff5</value>
         <object_component_ref idref="oc-98"/>
      </symbol>
      <symbol id="sm-6d7">
         <name>PWMGenIntClear</name>
         <value>0x61e1</value>
         <object_component_ref idref="oc-92"/>
      </symbol>
      <symbol id="sm-6d8">
         <name>PWMOutputState</name>
         <value>0x60c5</value>
         <object_component_ref idref="oc-da"/>
      </symbol>
      <symbol id="sm-6d9">
         <name>PWMGenEnable</name>
         <value>0x6165</value>
         <object_component_ref idref="oc-ef"/>
      </symbol>
      <symbol id="sm-6da">
         <name>PWMIntEnable</name>
         <value>0x61c7</value>
         <object_component_ref idref="oc-c8"/>
      </symbol>
      <symbol id="sm-6db">
         <name>PWMGenConfigure</name>
         <value>0x5fb1</value>
         <object_component_ref idref="oc-b0"/>
      </symbol>
      <symbol id="sm-70c">
         <name>SSIDataPut</name>
         <value>0x619f</value>
         <object_component_ref idref="oc-2ae"/>
      </symbol>
      <symbol id="sm-70d">
         <name>SSIDataGet</name>
         <value>0x6171</value>
         <object_component_ref idref="oc-2b4"/>
      </symbol>
      <symbol id="sm-70e">
         <name>SSIDataGetNonBlocking</name>
         <value>0x60d7</value>
         <object_component_ref idref="oc-33a"/>
      </symbol>
      <symbol id="sm-70f">
         <name>SSIConfigSetExpClk</name>
         <value>0x5e2d</value>
         <object_component_ref idref="oc-32e"/>
      </symbol>
      <symbol id="sm-710">
         <name>SSIEnable</name>
         <value>0x61a9</value>
         <object_component_ref idref="oc-334"/>
      </symbol>
      <symbol id="sm-778">
         <name>SysCtlPeripheralPresent</name>
         <value>0x5e69</value>
         <object_component_ref idref="oc-1cc"/>
      </symbol>
      <symbol id="sm-779">
         <name>SysCtlClockSet</name>
         <value>0x58a5</value>
         <object_component_ref idref="oc-74"/>
      </symbol>
      <symbol id="sm-77a">
         <name>SysCtlDelay</name>
         <value>0x61e7</value>
         <object_component_ref idref="oc-130"/>
      </symbol>
      <symbol id="sm-77b">
         <name>SysCtlPeripheralEnable</name>
         <value>0x5ed5</value>
         <object_component_ref idref="oc-7a"/>
      </symbol>
      <symbol id="sm-77c">
         <name>SysCtlClockGet</name>
         <value>0x578d</value>
         <object_component_ref idref="oc-b6"/>
      </symbol>
      <symbol id="sm-77d">
         <name>SysCtlPWMClockSet</name>
         <value>0x609d</value>
         <object_component_ref idref="oc-9e"/>
      </symbol>
      <symbol id="sm-791">
         <name>TimerConfigure</name>
         <value>0x5c5d</value>
         <object_component_ref idref="oc-fe"/>
      </symbol>
      <symbol id="sm-7c4">
         <name>UARTConfigSetExpClk</name>
         <value>0x5d61</value>
         <object_component_ref idref="oc-1d2"/>
      </symbol>
      <symbol id="sm-7c5">
         <name>UARTDisable</name>
         <value>0x5fd5</value>
         <object_component_ref idref="oc-2d3"/>
      </symbol>
      <symbol id="sm-7c6">
         <name>UARTCharPut</name>
         <value>0x61bd</value>
         <object_component_ref idref="oc-1de"/>
      </symbol>
      <symbol id="sm-7c7">
         <name>UARTEnable</name>
         <value>0x60b1</value>
         <object_component_ref idref="oc-1d8"/>
      </symbol>
      <symbol id="sm-7c8">
         <name>UARTCharGet</name>
         <value>0x61b3</value>
         <object_component_ref idref="oc-1e4"/>
      </symbol>
      <symbol id="sm-7da">
         <name>CPUcpsie</name>
         <value>0x6141</value>
         <object_component_ref idref="oc-20c"/>
      </symbol>
      <symbol id="sm-7db">
         <name>CPUcpsid</name>
         <value>0x6135</value>
         <object_component_ref idref="oc-230"/>
      </symbol>
      <symbol id="sm-7f6">
         <name>memcpy</name>
         <value>0x5a75</value>
         <object_component_ref idref="oc-41"/>
      </symbol>
      <symbol id="sm-7f7">
         <name>__aeabi_memcpy</name>
         <value>0x5a75</value>
         <object_component_ref idref="oc-41"/>
      </symbol>
      <symbol id="sm-7f8">
         <name>__aeabi_memcpy8</name>
         <value>0x5a75</value>
         <object_component_ref idref="oc-41"/>
      </symbol>
      <symbol id="sm-7f9">
         <name>__aeabi_memcpy4</name>
         <value>0x5a75</value>
         <object_component_ref idref="oc-41"/>
      </symbol>
      <symbol id="sm-808">
         <name>__aeabi_memset</name>
         <value>0x5b13</value>
         <object_component_ref idref="oc-175"/>
      </symbol>
      <symbol id="sm-809">
         <name>memset</name>
         <value>0x5b19</value>
         <object_component_ref idref="oc-175"/>
      </symbol>
      <symbol id="sm-80a">
         <name>__aeabi_memset8</name>
         <value>0x5b13</value>
         <object_component_ref idref="oc-175"/>
      </symbol>
      <symbol id="sm-80b">
         <name>__aeabi_memset4</name>
         <value>0x5b13</value>
         <object_component_ref idref="oc-175"/>
      </symbol>
      <symbol id="sm-80c">
         <name>__aeabi_memclr8</name>
         <value>0x5b11</value>
         <object_component_ref idref="oc-175"/>
      </symbol>
      <symbol id="sm-80d">
         <name>__aeabi_memclr4</name>
         <value>0x5b11</value>
         <object_component_ref idref="oc-175"/>
      </symbol>
      <symbol id="sm-80e">
         <name>__aeabi_memclr</name>
         <value>0x5b11</value>
         <object_component_ref idref="oc-175"/>
      </symbol>
      <symbol id="sm-81d">
         <name>__aeabi_uidivmod</name>
         <value>0x5ded</value>
         <object_component_ref idref="oc-1f3"/>
      </symbol>
      <symbol id="sm-81e">
         <name>__aeabi_uidiv</name>
         <value>0x5ded</value>
         <object_component_ref idref="oc-1f3"/>
      </symbol>
      <symbol id="sm-830">
         <name>__TI_zero_init</name>
         <value>0x617d</value>
         <object_component_ref idref="oc-53"/>
      </symbol>
      <symbol id="sm-847">
         <name>__TI_decompress_none</name>
         <value>0x6127</value>
         <object_component_ref idref="oc-1b"/>
      </symbol>
      <symbol id="sm-86a">
         <name>__TI_decompress_lzss</name>
         <value>0x5bf5</value>
         <object_component_ref idref="oc-15"/>
      </symbol>
      <symbol id="sm-87a">
         <name>memcmp</name>
         <value>0x5f8d</value>
         <object_component_ref idref="oc-1a3"/>
      </symbol>
      <symbol id="sm-88a">
         <name>strchr</name>
         <value>0x6085</value>
         <object_component_ref idref="oc-1a9"/>
      </symbol>
      <symbol id="sm-89d">
         <name>__stack</name>
         <value>0x20000918</value>
         <object_component_ref idref="oc-24"/>
      </symbol>
      <symbol id="sm-89e">
         <name>_c_int00_noargs</name>
         <value>0x5f09</value>
         <object_component_ref idref="oc-5f"/>
      </symbol>
      <symbol id="sm-8a8">
         <name>__aeabi_idiv0</name>
         <value>0x451f</value>
         <object_component_ref idref="oc-2e4"/>
      </symbol>
      <symbol id="sm-8a9">
         <name>__aeabi_ldiv0</name>
         <value>0x451f</value>
         <object_component_ref idref="oc-2e4"/>
      </symbol>
      <symbol id="sm-8d1">
         <name>__TI_auto_init_nobinit_nopinit</name>
         <value>0x5da9</value>
         <object_component_ref idref="oc-25e"/>
      </symbol>
      <symbol id="sm-8db">
         <name>_system_pre_init</name>
         <value>0x61ed</value>
         <object_component_ref idref="oc-17b"/>
      </symbol>
      <symbol id="sm-8e7">
         <name>C$$EXIT</name>
         <value>0x61f1</value>
         <object_component_ref idref="oc-252"/>
      </symbol>
      <symbol id="sm-8e8">
         <name>abort</name>
         <value>0x61f1</value>
         <object_component_ref idref="oc-252"/>
      </symbol>
      <symbol id="sm-8eb">
         <name>__TI_static_base__</name>
         <value>0x0</value>
      </symbol>
      <symbol id="sm-8ee">
         <name>__mpu_init</name>
         <value>0x0</value>
      </symbol>
      <symbol id="sm-8ef">
         <name>_system_post_cinit</name>
         <value>0x0</value>
      </symbol>
   </symbol_table>
   <title>Link successful</title>
</link_info>
