<?xml version="1.0" encoding="ISO-8859-1" ?>
<link_info>
   <banner>TI ARM Linker PC v20.2.2.LTS</banner>
   <copyright>Copyright (c) 1996-2018 Texas Instruments Incorporated</copyright>
   <link_time>0x60fbc7be</link_time>
   <link_errors>0x0</link_errors>
   <output_file>MusicPlayer.out</output_file>
   <entry_point>
      <name>_c_int00_noargs</name>
      <address>0x5f09</address>
   </entry_point>
   <input_file_list>
      <input_file id="fl-2">
         <path>.\</path>
         <kind>object</kind>
         <file>main.obj</file>
         <name>main.obj</name>
      </input_file>
      <input_file id="fl-3">
         <path>.\</path>
         <kind>object</kind>
         <file>tm4c123gh6pm_startup_ccs.obj</file>
         <name>tm4c123gh6pm_startup_ccs.obj</name>
      </input_file>
      <input_file id="fl-4">
         <path>.\</path>
         <kind>object</kind>
         <file>uartstdio.obj</file>
         <name>uartstdio.obj</name>
      </input_file>
      <input_file id="fl-5">
         <path>.\FatFs_Control\</path>
         <kind>object</kind>
         <file>SPI_Control.obj</file>
         <name>SPI_Control.obj</name>
      </input_file>
      <input_file id="fl-6">
         <path>.\FatFs_Control\</path>
         <kind>object</kind>
         <file>ff.obj</file>
         <name>ff.obj</name>
      </input_file>
      <input_file id="fl-7">
         <path>.\FatFs_Control\</path>
         <kind>object</kind>
         <file>sdmm.obj</file>
         <name>sdmm.obj</name>
      </input_file>
      <input_file id="fl-c">
         <kind>object</kind>
         <file>&lt;internal&gt;</file>
         <name>&lt;internal&gt;</name>
      </input_file>
      <input_file id="fl-d">
         <path>..\</path>
         <kind>archive</kind>
         <file>driverlib.lib</file>
         <name>gpio.obj</name>
      </input_file>
      <input_file id="fl-e">
         <path>..\</path>
         <kind>archive</kind>
         <file>driverlib.lib</file>
         <name>interrupt.obj</name>
      </input_file>
      <input_file id="fl-f">
         <path>..\</path>
         <kind>archive</kind>
         <file>driverlib.lib</file>
         <name>pwm.obj</name>
      </input_file>
      <input_file id="fl-10">
         <path>..\</path>
         <kind>archive</kind>
         <file>driverlib.lib</file>
         <name>ssi.obj</name>
      </input_file>
      <input_file id="fl-11">
         <path>..\</path>
         <kind>archive</kind>
         <file>driverlib.lib</file>
         <name>sysctl.obj</name>
      </input_file>
      <input_file id="fl-12">
         <path>..\</path>
         <kind>archive</kind>
         <file>driverlib.lib</file>
         <name>timer.obj</name>
      </input_file>
      <input_file id="fl-13">
         <path>..\</path>
         <kind>archive</kind>
         <file>driverlib.lib</file>
         <name>uart.obj</name>
      </input_file>
      <input_file id="fl-14">
         <path>..\</path>
         <kind>archive</kind>
         <file>driverlib.lib</file>
         <name>cpu.obj</name>
      </input_file>
      <input_file id="fl-ca">
         <path>C:\ti\ccs1020\ccs\tools\compiler\ti-cgt-arm_20.2.2.LTS\lib\</path>
         <kind>archive</kind>
         <file>rtsv7M4_T_le_v4SPD16_eabi.lib</file>
         <name>memcpy_t2.asm.obj</name>
      </input_file>
      <input_file id="fl-cb">
         <path>C:\ti\ccs1020\ccs\tools\compiler\ti-cgt-arm_20.2.2.LTS\lib\</path>
         <kind>archive</kind>
         <file>rtsv7M4_T_le_v4SPD16_eabi.lib</file>
         <name>memset_t2.asm.obj</name>
      </input_file>
      <input_file id="fl-cc">
         <path>C:\ti\ccs1020\ccs\tools\compiler\ti-cgt-arm_20.2.2.LTS\lib\</path>
         <kind>archive</kind>
         <file>rtsv7M4_T_le_v4SPD16_eabi.lib</file>
         <name>u_divt2.asm.obj</name>
      </input_file>
      <input_file id="fl-cd">
         <path>C:\ti\ccs1020\ccs\tools\compiler\ti-cgt-arm_20.2.2.LTS\lib\</path>
         <kind>archive</kind>
         <file>rtsv7M4_T_le_v4SPD16_eabi.lib</file>
         <name>copy_zero_init.c.obj</name>
      </input_file>
      <input_file id="fl-ce">
         <path>C:\ti\ccs1020\ccs\tools\compiler\ti-cgt-arm_20.2.2.LTS\lib\</path>
         <kind>archive</kind>
         <file>rtsv7M4_T_le_v4SPD16_eabi.lib</file>
         <name>copy_decompress_none.c.obj</name>
      </input_file>
      <input_file id="fl-cf">
         <path>C:\ti\ccs1020\ccs\tools\compiler\ti-cgt-arm_20.2.2.LTS\lib\</path>
         <kind>archive</kind>
         <file>rtsv7M4_T_le_v4SPD16_eabi.lib</file>
         <name>copy_decompress_lzss.c.obj</name>
      </input_file>
      <input_file id="fl-d0">
         <path>C:\ti\ccs1020\ccs\tools\compiler\ti-cgt-arm_20.2.2.LTS\lib\</path>
         <kind>archive</kind>
         <file>rtsv7M4_T_le_v4SPD16_eabi.lib</file>
         <name>memcmp.c.obj</name>
      </input_file>
      <input_file id="fl-d1">
         <path>C:\ti\ccs1020\ccs\tools\compiler\ti-cgt-arm_20.2.2.LTS\lib\</path>
         <kind>archive</kind>
         <file>rtsv7M4_T_le_v4SPD16_eabi.lib</file>
         <name>strchr.c.obj</name>
      </input_file>
      <input_file id="fl-d2">
         <path>C:\ti\ccs1020\ccs\tools\compiler\ti-cgt-arm_20.2.2.LTS\lib\</path>
         <kind>archive</kind>
         <file>rtsv7M4_T_le_v4SPD16_eabi.lib</file>
         <name>boot_cortex_m.c.obj</name>
      </input_file>
      <input_file id="fl-d3">
         <path>C:\ti\ccs1020\ccs\tools\compiler\ti-cgt-arm_20.2.2.LTS\lib\</path>
         <kind>archive</kind>
         <file>rtsv7M4_T_le_v4SPD16_eabi.lib</file>
         <name>div0.asm.obj</name>
      </input_file>
      <input_file id="fl-d4">
         <path>C:\ti\ccs1020\ccs\tools\compiler\ti-cgt-arm_20.2.2.LTS\lib\</path>
         <kind>archive</kind>
         <file>rtsv7M4_T_le_v4SPD16_eabi.lib</file>
         <name>autoinit.c.obj</name>
      </input_file>
      <input_file id="fl-d5">
         <path>C:\ti\ccs1020\ccs\tools\compiler\ti-cgt-arm_20.2.2.LTS\lib\</path>
         <kind>archive</kind>
         <file>rtsv7M4_T_le_v4SPD16_eabi.lib</file>
         <name>pre_init.c.obj</name>
      </input_file>
      <input_file id="fl-d6">
         <path>C:\ti\ccs1020\ccs\tools\compiler\ti-cgt-arm_20.2.2.LTS\lib\</path>
         <kind>archive</kind>
         <file>rtsv7M4_T_le_v4SPD16_eabi.lib</file>
         <name>cpy_tbl.c.obj</name>
      </input_file>
      <input_file id="fl-d7">
         <path>C:\ti\ccs1020\ccs\tools\compiler\ti-cgt-arm_20.2.2.LTS\lib\</path>
         <kind>archive</kind>
         <file>rtsv7M4_T_le_v4SPD16_eabi.lib</file>
         <name>exit.c.obj</name>
      </input_file>
      <input_file id="fl-d8">
         <path>C:\ti\ccs1020\ccs\tools\compiler\ti-cgt-arm_20.2.2.LTS\lib\</path>
         <kind>archive</kind>
         <file>rtsv7M4_T_le_v4SPD16_eabi.lib</file>
         <name>_lock.c.obj</name>
      </input_file>
      <input_file id="fl-d9">
         <path>C:\ti\ccs1020\ccs\tools\compiler\ti-cgt-arm_20.2.2.LTS\lib\</path>
         <kind>archive</kind>
         <file>rtsv7M4_T_le_v4SPD16_eabi.lib</file>
         <name>args_main.c.obj</name>
      </input_file>
   </input_file_list>
   <object_component_list>
      <object_component id="oc-12">
         <name>.intvecs</name>
         <load_address>0x0</load_address>
         <run_address>0x0</run_address>
         <size>0x26c</size>
         <input_file_ref idref="fl-3"/>
      </object_component>
      <object_component id="oc-86">
         <name>.text</name>
         <load_address>0x26c</load_address>
         <run_address>0x26c</run_address>
         <size>0x42b2</size>
         <input_file_ref idref="fl-6"/>
      </object_component>
      <object_component id="oc-2e3">
         <name>.text</name>
         <load_address>0x451e</load_address>
         <run_address>0x451e</run_address>
         <size>0x2</size>
         <input_file_ref idref="fl-d3"/>
      </object_component>
      <object_component id="oc-19d">
         <name>.text</name>
         <load_address>0x4520</load_address>
         <run_address>0x4520</run_address>
         <size>0x668</size>
         <input_file_ref idref="fl-7"/>
      </object_component>
      <object_component id="oc-2d">
         <name>.text</name>
         <load_address>0x4b88</load_address>
         <run_address>0x4b88</run_address>
         <size>0x5f8</size>
         <input_file_ref idref="fl-2"/>
      </object_component>
      <object_component id="oc-8c">
         <name>.text</name>
         <load_address>0x5180</load_address>
         <run_address>0x5180</run_address>
         <size>0x4a8</size>
         <input_file_ref idref="fl-4"/>
      </object_component>
      <object_component id="oc-10a">
         <name>.text:GPIOPadConfigSet</name>
         <load_address>0x5628</load_address>
         <run_address>0x5628</run_address>
         <size>0x16c</size>
         <input_file_ref idref="fl-d"/>
      </object_component>
      <object_component id="oc-b6">
         <name>.text:SysCtlClockGet</name>
         <load_address>0x5794</load_address>
         <run_address>0x5794</run_address>
         <size>0x118</size>
         <input_file_ref idref="fl-11"/>
      </object_component>
      <object_component id="oc-74">
         <name>.text:SysCtlClockSet</name>
         <load_address>0x58ac</load_address>
         <run_address>0x58ac</run_address>
         <size>0xf4</size>
         <input_file_ref idref="fl-11"/>
      </object_component>
      <object_component id="oc-2a7">
         <name>.text</name>
         <load_address>0x59a0</load_address>
         <run_address>0x59a0</run_address>
         <size>0xd4</size>
         <input_file_ref idref="fl-5"/>
      </object_component>
      <object_component id="oc-41">
         <name>.text</name>
         <load_address>0x5a74</load_address>
         <run_address>0x5a74</run_address>
         <size>0x9c</size>
         <input_file_ref idref="fl-ca"/>
      </object_component>
      <object_component id="oc-175">
         <name>.text</name>
         <load_address>0x5b10</load_address>
         <run_address>0x5b10</run_address>
         <size>0x7a</size>
         <input_file_ref idref="fl-cb"/>
      </object_component>
      <object_component id="oc-d4">
         <name>.text:IntEnable</name>
         <load_address>0x5b8c</load_address>
         <run_address>0x5b8c</run_address>
         <size>0x68</size>
         <input_file_ref idref="fl-e"/>
      </object_component>
      <object_component id="oc-15">
         <name>.text:decompress:lzss:__TI_decompress_lzss</name>
         <load_address>0x5bf4</load_address>
         <run_address>0x5bf4</run_address>
         <size>0x68</size>
         <input_file_ref idref="fl-cf"/>
      </object_component>
      <object_component id="oc-fe">
         <name>.text:TimerConfigure</name>
         <load_address>0x5c5c</load_address>
         <run_address>0x5c5c</run_address>
         <size>0x60</size>
         <input_file_ref idref="fl-12"/>
      </object_component>
      <object_component id="oc-116">
         <name>.text:GPIOIntTypeSet</name>
         <load_address>0x5cbc</load_address>
         <run_address>0x5cbc</run_address>
         <size>0x58</size>
         <input_file_ref idref="fl-d"/>
      </object_component>
      <object_component id="oc-a4">
         <name>.text:GPIOPinConfigure</name>
         <load_address>0x5d14</load_address>
         <run_address>0x5d14</run_address>
         <size>0x4c</size>
         <input_file_ref idref="fl-d"/>
      </object_component>
      <object_component id="oc-1d2">
         <name>.text:UARTConfigSetExpClk</name>
         <load_address>0x5d60</load_address>
         <run_address>0x5d60</run_address>
         <size>0x46</size>
         <input_file_ref idref="fl-13"/>
      </object_component>
      <object_component id="oc-25d">
         <name>.text:__TI_auto_init_nobinit_nopinit:__TI_auto_init_nobinit_nopinit</name>
         <load_address>0x5da8</load_address>
         <run_address>0x5da8</run_address>
         <size>0x44</size>
         <input_file_ref idref="fl-d4"/>
      </object_component>
      <object_component id="oc-1f3">
         <name>.text</name>
         <load_address>0x5dec</load_address>
         <run_address>0x5dec</run_address>
         <size>0x40</size>
         <input_file_ref idref="fl-cc"/>
      </object_component>
      <object_component id="oc-326">
         <name>.text:SSIConfigSetExpClk</name>
         <load_address>0x5e2c</load_address>
         <run_address>0x5e2c</run_address>
         <size>0x3c</size>
         <input_file_ref idref="fl-10"/>
      </object_component>
      <object_component id="oc-1cc">
         <name>.text:SysCtlPeripheralPresent</name>
         <load_address>0x5e68</load_address>
         <run_address>0x5e68</run_address>
         <size>0x38</size>
         <input_file_ref idref="fl-11"/>
      </object_component>
      <object_component id="oc-122">
         <name>.text:IntRegister</name>
         <load_address>0x5ea0</load_address>
         <run_address>0x5ea0</run_address>
         <size>0x34</size>
         <input_file_ref idref="fl-e"/>
      </object_component>
      <object_component id="oc-7a">
         <name>.text:SysCtlPeripheralEnable</name>
         <load_address>0x5ed4</load_address>
         <run_address>0x5ed4</run_address>
         <size>0x34</size>
         <input_file_ref idref="fl-11"/>
      </object_component>
      <object_component id="oc-5f">
         <name>.text:_c_int00_noargs:_c_int00_noargs</name>
         <load_address>0x5f08</load_address>
         <run_address>0x5f08</run_address>
         <size>0x34</size>
         <input_file_ref idref="fl-d2"/>
      </object_component>
      <object_component id="oc-195">
         <name>.text:GPIODirModeSet</name>
         <load_address>0x5f3c</load_address>
         <run_address>0x5f3c</run_address>
         <size>0x2c</size>
         <input_file_ref idref="fl-d"/>
      </object_component>
      <object_component id="oc-11c">
         <name>.text:IntPrioritySet</name>
         <load_address>0x5f68</load_address>
         <run_address>0x5f68</run_address>
         <size>0x24</size>
         <input_file_ref idref="fl-e"/>
      </object_component>
      <object_component id="oc-1a3">
         <name>.text:memcmp</name>
         <load_address>0x5f8c</load_address>
         <run_address>0x5f8c</run_address>
         <size>0x24</size>
         <input_file_ref idref="fl-d0"/>
      </object_component>
      <object_component id="oc-b0">
         <name>.text:PWMGenConfigure</name>
         <load_address>0x5fb0</load_address>
         <run_address>0x5fb0</run_address>
         <size>0x22</size>
         <input_file_ref idref="fl-f"/>
      </object_component>
      <object_component id="oc-2d2">
         <name>.text:UARTDisable</name>
         <load_address>0x5fd4</load_address>
         <run_address>0x5fd4</run_address>
         <size>0x20</size>
         <input_file_ref idref="fl-13"/>
      </object_component>
      <object_component id="oc-98">
         <name>.text:PWMPulseWidthSet</name>
         <load_address>0x5ff4</load_address>
         <run_address>0x5ff4</run_address>
         <size>0x1e</size>
         <input_file_ref idref="fl-f"/>
      </object_component>
      <object_component id="oc-80">
         <name>.text:GPIOPinTypeGPIOOutput</name>
         <load_address>0x6012</load_address>
         <run_address>0x6012</run_address>
         <size>0x1a</size>
         <input_file_ref idref="fl-d"/>
      </object_component>
      <object_component id="oc-104">
         <name>.text:GPIOPinTypeGPIOInput</name>
         <load_address>0x602c</load_address>
         <run_address>0x602c</run_address>
         <size>0x16</size>
         <input_file_ref idref="fl-d"/>
      </object_component>
      <object_component id="oc-aa">
         <name>.text:GPIOPinTypePWM</name>
         <load_address>0x6042</load_address>
         <run_address>0x6042</run_address>
         <size>0x16</size>
         <input_file_ref idref="fl-d"/>
      </object_component>
      <object_component id="oc-320">
         <name>.text:GPIOPinTypeSSI</name>
         <load_address>0x6058</load_address>
         <run_address>0x6058</run_address>
         <size>0x16</size>
         <input_file_ref idref="fl-d"/>
      </object_component>
      <object_component id="oc-e0">
         <name>.text:GPIOPinTypeUART</name>
         <load_address>0x606e</load_address>
         <run_address>0x606e</run_address>
         <size>0x16</size>
         <input_file_ref idref="fl-d"/>
      </object_component>
      <object_component id="oc-1a9">
         <name>.text:strchr</name>
         <load_address>0x6084</load_address>
         <run_address>0x6084</run_address>
         <size>0x16</size>
         <input_file_ref idref="fl-d1"/>
      </object_component>
      <object_component id="oc-9e">
         <name>.text:SysCtlPWMClockSet</name>
         <load_address>0x609c</load_address>
         <run_address>0x609c</run_address>
         <size>0x14</size>
         <input_file_ref idref="fl-11"/>
      </object_component>
      <object_component id="oc-1d8">
         <name>.text:UARTEnable</name>
         <load_address>0x60b0</load_address>
         <run_address>0x60b0</run_address>
         <size>0x14</size>
         <input_file_ref idref="fl-13"/>
      </object_component>
      <object_component id="oc-da">
         <name>.text:PWMOutputState</name>
         <load_address>0x60c4</load_address>
         <run_address>0x60c4</run_address>
         <size>0x12</size>
         <input_file_ref idref="fl-f"/>
      </object_component>
      <object_component id="oc-332">
         <name>.text:SSIDataGetNonBlocking</name>
         <load_address>0x60d6</load_address>
         <run_address>0x60d6</run_address>
         <size>0x12</size>
         <input_file_ref idref="fl-10"/>
      </object_component>
      <object_component id="oc-12a">
         <name>.text:IntMasterDisable</name>
         <load_address>0x60e8</load_address>
         <run_address>0x60e8</run_address>
         <size>0x10</size>
         <input_file_ref idref="fl-e"/>
      </object_component>
      <object_component id="oc-c2">
         <name>.text:IntMasterEnable</name>
         <load_address>0x60f8</load_address>
         <run_address>0x60f8</run_address>
         <size>0x10</size>
         <input_file_ref idref="fl-e"/>
      </object_component>
      <object_component id="oc-bc">
         <name>.text:PWMGenPeriodSet</name>
         <load_address>0x6108</load_address>
         <run_address>0x6108</run_address>
         <size>0x10</size>
         <input_file_ref idref="fl-f"/>
      </object_component>
      <object_component id="oc-131">
         <name>.text:GPIOIntStatus</name>
         <load_address>0x6118</load_address>
         <run_address>0x6118</run_address>
         <size>0xe</size>
         <input_file_ref idref="fl-d"/>
      </object_component>
      <object_component id="oc-1b">
         <name>.text:decompress:none:__TI_decompress_none</name>
         <load_address>0x6126</load_address>
         <run_address>0x6126</run_address>
         <size>0xe</size>
         <input_file_ref idref="fl-ce"/>
      </object_component>
      <object_component id="oc-230">
         <name>.text:CPUcpsid</name>
         <load_address>0x6134</load_address>
         <run_address>0x6134</run_address>
         <size>0xc</size>
         <input_file_ref idref="fl-14"/>
      </object_component>
      <object_component id="oc-20c">
         <name>.text:CPUcpsie</name>
         <load_address>0x6140</load_address>
         <run_address>0x6140</run_address>
         <size>0xc</size>
         <input_file_ref idref="fl-14"/>
      </object_component>
      <object_component id="oc-110">
         <name>.text:GPIOIntEnable</name>
         <load_address>0x614c</load_address>
         <run_address>0x614c</run_address>
         <size>0xc</size>
         <input_file_ref idref="fl-d"/>
      </object_component>
      <object_component id="oc-f5">
         <name>.text:PWMGenDisable</name>
         <load_address>0x6158</load_address>
         <run_address>0x6158</run_address>
         <size>0xc</size>
         <input_file_ref idref="fl-f"/>
      </object_component>
      <object_component id="oc-ef">
         <name>.text:PWMGenEnable</name>
         <load_address>0x6164</load_address>
         <run_address>0x6164</run_address>
         <size>0xc</size>
         <input_file_ref idref="fl-f"/>
      </object_component>
      <object_component id="oc-2b3">
         <name>.text:SSIDataGet</name>
         <load_address>0x6170</load_address>
         <run_address>0x6170</run_address>
         <size>0xc</size>
         <input_file_ref idref="fl-10"/>
      </object_component>
      <object_component id="oc-53">
         <name>.text:decompress:ZI:__TI_zero_init</name>
         <load_address>0x617c</load_address>
         <run_address>0x617c</run_address>
         <size>0xc</size>
         <input_file_ref idref="fl-cd"/>
      </object_component>
      <object_component id="oc-27">
         <name>.text</name>
         <load_address>0x6188</load_address>
         <run_address>0x6188</run_address>
         <size>0xc</size>
         <input_file_ref idref="fl-3"/>
      </object_component>
      <object_component id="oc-ce">
         <name>.text:PWMGenIntTrigEnable</name>
         <load_address>0x6194</load_address>
         <run_address>0x6194</run_address>
         <size>0xa</size>
         <input_file_ref idref="fl-f"/>
      </object_component>
      <object_component id="oc-2ad">
         <name>.text:SSIDataPut</name>
         <load_address>0x619e</load_address>
         <run_address>0x619e</run_address>
         <size>0xa</size>
         <input_file_ref idref="fl-10"/>
      </object_component>
      <object_component id="oc-32c">
         <name>.text:SSIEnable</name>
         <load_address>0x61a8</load_address>
         <run_address>0x61a8</run_address>
         <size>0xa</size>
         <input_file_ref idref="fl-10"/>
      </object_component>
      <object_component id="oc-1e4">
         <name>.text:UARTCharGet</name>
         <load_address>0x61b2</load_address>
         <run_address>0x61b2</run_address>
         <size>0xa</size>
         <input_file_ref idref="fl-13"/>
      </object_component>
      <object_component id="oc-1de">
         <name>.text:UARTCharPut</name>
         <load_address>0x61bc</load_address>
         <run_address>0x61bc</run_address>
         <size>0xa</size>
         <input_file_ref idref="fl-13"/>
      </object_component>
      <object_component id="oc-c8">
         <name>.text:PWMIntEnable</name>
         <load_address>0x61c6</load_address>
         <run_address>0x61c6</run_address>
         <size>0x8</size>
         <input_file_ref idref="fl-f"/>
      </object_component>
      <object_component id="oc-137">
         <name>.text:GPIOIntClear</name>
         <load_address>0x61ce</load_address>
         <run_address>0x61ce</run_address>
         <size>0x6</size>
         <input_file_ref idref="fl-d"/>
      </object_component>
      <object_component id="oc-13d">
         <name>.text:GPIOPinRead</name>
         <load_address>0x61d4</load_address>
         <run_address>0x61d4</run_address>
         <size>0x6</size>
         <input_file_ref idref="fl-d"/>
      </object_component>
      <object_component id="oc-2b9">
         <name>.text:GPIOPinWrite</name>
         <load_address>0x61da</load_address>
         <run_address>0x61da</run_address>
         <size>0x6</size>
         <input_file_ref idref="fl-d"/>
      </object_component>
      <object_component id="oc-92">
         <name>.text:PWMGenIntClear</name>
         <load_address>0x61e0</load_address>
         <run_address>0x61e0</run_address>
         <size>0x6</size>
         <input_file_ref idref="fl-f"/>
      </object_component>
      <object_component id="oc-130">
         <name>.text:SysCtlDelay</name>
         <load_address>0x61e6</load_address>
         <run_address>0x61e6</run_address>
         <size>0x6</size>
         <input_file_ref idref="fl-11"/>
      </object_component>
      <object_component id="oc-17b">
         <name>.text:_system_pre_init</name>
         <load_address>0x61ec</load_address>
         <run_address>0x61ec</run_address>
         <size>0x4</size>
         <input_file_ref idref="fl-d5"/>
      </object_component>
      <object_component id="oc-251">
         <name>.text:abort:abort</name>
         <load_address>0x61f0</load_address>
         <run_address>0x61f0</run_address>
         <size>0x4</size>
         <input_file_ref idref="fl-d7"/>
      </object_component>
      <object_component id="oc-228">
         <name>.const:g_pui32Regs</name>
         <load_address>0x61f4</load_address>
         <run_address>0x61f4</run_address>
         <size>0x9c</size>
         <input_file_ref idref="fl-e"/>
      </object_component>
      <object_component id="oc-201">
         <name>.const:g_pui32GPIOBaseAddrs</name>
         <load_address>0x6290</load_address>
         <run_address>0x6290</run_address>
         <size>0x90</size>
         <input_file_ref idref="fl-d"/>
      </object_component>
      <object_component id="oc-1af">
         <name>.const:.string:ExCvt</name>
         <load_address>0x6320</load_address>
         <run_address>0x6320</run_address>
         <size>0x80</size>
         <input_file_ref idref="fl-6"/>
      </object_component>
      <object_component id="oc-207">
         <name>.const:g_pui32Xtals</name>
         <load_address>0x63a0</load_address>
         <run_address>0x63a0</run_address>
         <size>0x6c</size>
         <input_file_ref idref="fl-11"/>
      </object_component>
      <object_component id="oc-215">
         <name>.const:g_pui32EnRegs</name>
         <load_address>0x640c</load_address>
         <run_address>0x640c</run_address>
         <size>0x14</size>
         <input_file_ref idref="fl-e"/>
      </object_component>
      <object_component id="oc-1b8">
         <name>.const:.string:badchr$1</name>
         <load_address>0x6420</load_address>
         <run_address>0x6420</run_address>
         <size>0x12</size>
         <input_file_ref idref="fl-6"/>
      </object_component>
      <object_component id="oc-2e9">
         <name>.const:.string</name>
         <load_address>0x6434</load_address>
         <run_address>0x6434</run_address>
         <size>0x12</size>
         <input_file_ref idref="fl-4"/>
      </object_component>
      <object_component id="oc-1b9">
         <name>.const:defopt$4</name>
         <load_address>0x6448</load_address>
         <run_address>0x6448</run_address>
         <size>0x10</size>
         <input_file_ref idref="fl-6"/>
      </object_component>
      <object_component id="oc-1bb">
         <name>.const:cst$2</name>
         <load_address>0x6458</load_address>
         <run_address>0x6458</run_address>
         <size>0xe</size>
         <input_file_ref idref="fl-6"/>
      </object_component>
      <object_component id="oc-1ba">
         <name>.const:cst32$3</name>
         <load_address>0x6466</load_address>
         <run_address>0x6466</run_address>
         <size>0xe</size>
         <input_file_ref idref="fl-6"/>
      </object_component>
      <object_component id="oc-1f0">
         <name>.const:g_ui32UARTBase</name>
         <load_address>0x6474</load_address>
         <run_address>0x6474</run_address>
         <size>0xc</size>
         <input_file_ref idref="fl-4"/>
      </object_component>
      <object_component id="oc-1ea">
         <name>.const:g_ui32UARTPeriph</name>
         <load_address>0x6480</load_address>
         <run_address>0x6480</run_address>
         <size>0xc</size>
         <input_file_ref idref="fl-4"/>
      </object_component>
      <object_component id="oc-129">
         <name>.const:.string:$P$T2$3</name>
         <load_address>0x648c</load_address>
         <run_address>0x648c</run_address>
         <size>0xa</size>
         <input_file_ref idref="fl-2"/>
      </object_component>
      <object_component id="oc-144">
         <name>.const:.string:$P$T3$4</name>
         <load_address>0x6496</load_address>
         <run_address>0x6496</run_address>
         <size>0xa</size>
         <input_file_ref idref="fl-2"/>
      </object_component>
      <object_component id="oc-128">
         <name>.const:.string:$P$T1$2</name>
         <load_address>0x64a0</load_address>
         <run_address>0x64a0</run_address>
         <size>0x8</size>
         <input_file_ref idref="fl-2"/>
      </object_component>
      <object_component id="oc-eb">
         <name>.const:.string:$P$T0$1</name>
         <load_address>0x64a8</load_address>
         <run_address>0x64a8</run_address>
         <size>0x5</size>
         <input_file_ref idref="fl-2"/>
      </object_component>
      <object_component id="oc-1f8">
         <name>.const</name>
         <load_address>0x64b0</load_address>
         <run_address>0x64b0</run_address>
         <size>0x4</size>
         <input_file_ref idref="fl-4"/>
      </object_component>
      <object_component id="oc-3ad">
         <name>.cinit..data.load</name>
         <load_address>0x64b8</load_address>
         <run_address>0x64b8</run_address>
         <size>0x10</size>
      </object_component>
      <object_component id="oc-3aa">
         <name>__TI_handler_table</name>
         <load_address>0x64c8</load_address>
         <run_address>0x64c8</run_address>
         <size>0xc</size>
      </object_component>
      <object_component id="oc-3ae">
         <name>.cinit..bss.load</name>
         <load_address>0x64d8</load_address>
         <run_address>0x64d8</run_address>
         <size>0x8</size>
      </object_component>
      <object_component id="oc-3ac">
         <name>.cinit..vtable.load</name>
         <load_address>0x64e0</load_address>
         <run_address>0x64e0</run_address>
         <size>0x8</size>
      </object_component>
      <object_component id="oc-3ab">
         <name>__TI_cinit_table</name>
         <load_address>0x64e8</load_address>
         <run_address>0x64e8</run_address>
         <size>0x18</size>
      </object_component>
      <object_component id="oc-22c">
         <name>.vtable</name>
         <uninitialized>true</uninitialized>
         <run_address>0x20000000</run_address>
         <size>0x26c</size>
         <input_file_ref idref="fl-e"/>
      </object_component>
      <object_component id="oc-ec">
         <name>.data</name>
         <load_address>0x20000b18</load_address>
         <run_address>0x20000b18</run_address>
         <size>0x9</size>
         <input_file_ref idref="fl-2"/>
      </object_component>
      <object_component id="oc-1ed">
         <name>.data</name>
         <load_address>0x20000b24</load_address>
         <run_address>0x20000b24</run_address>
         <size>0x5</size>
         <input_file_ref idref="fl-4"/>
      </object_component>
      <object_component id="oc-2bf">
         <name>.data</name>
         <load_address>0x20000b21</load_address>
         <run_address>0x20000b21</run_address>
         <size>0x1</size>
         <input_file_ref idref="fl-7"/>
      </object_component>
      <object_component id="oc-1b2">
         <name>.bss:FatFs</name>
         <uninitialized>true</uninitialized>
         <run_address>0x20000904</run_address>
         <size>0x4</size>
         <input_file_ref idref="fl-6"/>
      </object_component>
      <object_component id="oc-1b5">
         <name>.bss</name>
         <uninitialized>true</uninitialized>
         <run_address>0x20000914</run_address>
         <size>0x2</size>
         <input_file_ref idref="fl-6"/>
      </object_component>
      <object_component id="oc-2c2">
         <name>.bss</name>
         <uninitialized>true</uninitialized>
         <run_address>0x20000916</run_address>
         <size>0x1</size>
         <input_file_ref idref="fl-7"/>
      </object_component>
      <object_component id="oc-e6">
         <name>.common:FatFs</name>
         <uninitialized>true</uninitialized>
         <run_address>0x2000026c</run_address>
         <size>0x230</size>
      </object_component>
      <object_component id="oc-143">
         <name>.common:Fil</name>
         <uninitialized>true</uninitialized>
         <run_address>0x2000049c</run_address>
         <size>0x22c</size>
      </object_component>
      <object_component id="oc-e9">
         <name>.common:DirMusic</name>
         <uninitialized>true</uninitialized>
         <run_address>0x200008bc</run_address>
         <size>0x30</size>
      </object_component>
      <object_component id="oc-ea">
         <name>.common:FileInfo</name>
         <uninitialized>true</uninitialized>
         <run_address>0x200008ec</run_address>
         <size>0x18</size>
      </object_component>
      <object_component id="oc-fc">
         <name>.common:SoundArray</name>
         <uninitialized>true</uninitialized>
         <run_address>0x200006c8</run_address>
         <size>0x1f4</size>
      </object_component>
      <object_component id="oc-148">
         <name>.common:rx_32</name>
         <uninitialized>true</uninitialized>
         <run_address>0x20000908</run_address>
         <size>0x4</size>
      </object_component>
      <object_component id="oc-fb">
         <name>.common:u32CountWriteSoundArray</name>
         <uninitialized>true</uninitialized>
         <run_address>0x20000910</run_address>
         <size>0x4</size>
      </object_component>
      <object_component id="oc-fd">
         <name>.common:u32CountReadSoundArray</name>
         <uninitialized>true</uninitialized>
         <run_address>0x2000090c</run_address>
         <size>0x4</size>
      </object_component>
      <object_component id="oc-145">
         <name>.common:audioState</name>
         <uninitialized>true</uninitialized>
         <run_address>0x20000917</run_address>
         <size>0x1</size>
      </object_component>
      <object_component id="oc-24">
         <name>.stack</name>
         <uninitialized>true</uninitialized>
         <run_address>0x20000918</run_address>
         <size>0x4</size>
         <input_file_ref idref="fl-d2"/>
      </object_component>
      <object_component id="oc-3b0">
         <name>.stack</name>
         <uninitialized>true</uninitialized>
         <run_address>0x20000918</run_address>
         <size>0x0</size>
      </object_component>
      <object_component id="oc-e7">
         <name>.debug_info</name>
         <load_address>0x0</load_address>
         <run_address>0x0</run_address>
         <size>0xc96</size>
         <input_file_ref idref="fl-2"/>
      </object_component>
      <object_component id="oc-ed">
         <name>.debug_info</name>
         <load_address>0xc96</load_address>
         <run_address>0xc96</run_address>
         <size>0x117</size>
         <input_file_ref idref="fl-2"/>
      </object_component>
      <object_component id="oc-2e">
         <name>.debug_info</name>
         <load_address>0xdad</load_address>
         <run_address>0xdad</run_address>
         <size>0xa30</size>
         <input_file_ref idref="fl-2"/>
      </object_component>
      <object_component id="oc-14f">
         <name>.debug_info</name>
         <load_address>0x17dd</load_address>
         <run_address>0x17dd</run_address>
         <size>0x630</size>
         <input_file_ref idref="fl-2"/>
      </object_component>
      <object_component id="oc-15b">
         <name>.debug_info</name>
         <load_address>0x1e0d</load_address>
         <run_address>0x1e0d</run_address>
         <size>0x26b</size>
         <input_file_ref idref="fl-2"/>
      </object_component>
      <object_component id="oc-14a">
         <name>.debug_info</name>
         <load_address>0x2078</load_address>
         <run_address>0x2078</run_address>
         <size>0x8b</size>
         <input_file_ref idref="fl-2"/>
      </object_component>
      <object_component id="oc-241">
         <name>.debug_info</name>
         <load_address>0x2103</load_address>
         <run_address>0x2103</run_address>
         <size>0x2a4</size>
         <input_file_ref idref="fl-2"/>
      </object_component>
      <object_component id="oc-154">
         <name>.debug_info</name>
         <load_address>0x23a7</load_address>
         <run_address>0x23a7</run_address>
         <size>0xbb</size>
         <input_file_ref idref="fl-2"/>
      </object_component>
      <object_component id="oc-1c7">
         <name>.debug_info</name>
         <load_address>0x2462</load_address>
         <run_address>0x2462</run_address>
         <size>0x2c</size>
         <input_file_ref idref="fl-2"/>
      </object_component>
      <object_component id="oc-35">
         <name>.debug_info</name>
         <load_address>0x248e</load_address>
         <run_address>0x248e</run_address>
         <size>0x2d4</size>
         <input_file_ref idref="fl-3"/>
      </object_component>
      <object_component id="oc-13">
         <name>.debug_info</name>
         <load_address>0x2762</load_address>
         <run_address>0x2762</run_address>
         <size>0xe7</size>
         <input_file_ref idref="fl-3"/>
      </object_component>
      <object_component id="oc-29">
         <name>.debug_info</name>
         <load_address>0x2849</load_address>
         <run_address>0x2849</run_address>
         <size>0x263</size>
         <input_file_ref idref="fl-3"/>
      </object_component>
      <object_component id="oc-3c">
         <name>.debug_info</name>
         <load_address>0x2aac</load_address>
         <run_address>0x2aac</run_address>
         <size>0x84</size>
         <input_file_ref idref="fl-3"/>
      </object_component>
      <object_component id="oc-1fc">
         <name>.debug_info</name>
         <load_address>0x2b30</load_address>
         <run_address>0x2b30</run_address>
         <size>0x3dc</size>
         <input_file_ref idref="fl-4"/>
      </object_component>
      <object_component id="oc-1ee">
         <name>.debug_info</name>
         <load_address>0x2f0c</load_address>
         <run_address>0x2f0c</run_address>
         <size>0xd3</size>
         <input_file_ref idref="fl-4"/>
      </object_component>
      <object_component id="oc-1f9">
         <name>.debug_info</name>
         <load_address>0x2fdf</load_address>
         <run_address>0x2fdf</run_address>
         <size>0xcd</size>
         <input_file_ref idref="fl-4"/>
      </object_component>
      <object_component id="oc-1f1">
         <name>.debug_info</name>
         <load_address>0x30ac</load_address>
         <run_address>0x30ac</run_address>
         <size>0xdb</size>
         <input_file_ref idref="fl-4"/>
      </object_component>
      <object_component id="oc-1eb">
         <name>.debug_info</name>
         <load_address>0x3187</load_address>
         <run_address>0x3187</run_address>
         <size>0xdf</size>
         <input_file_ref idref="fl-4"/>
      </object_component>
      <object_component id="oc-8e">
         <name>.debug_info</name>
         <load_address>0x3266</load_address>
         <run_address>0x3266</run_address>
         <size>0x77c</size>
         <input_file_ref idref="fl-4"/>
      </object_component>
      <object_component id="oc-2a9">
         <name>.debug_info</name>
         <load_address>0x39e2</load_address>
         <run_address>0x39e2</run_address>
         <size>0x3ee</size>
         <input_file_ref idref="fl-5"/>
      </object_component>
      <object_component id="oc-146">
         <name>.debug_info</name>
         <load_address>0x3dd0</load_address>
         <run_address>0x3dd0</run_address>
         <size>0x58b</size>
         <input_file_ref idref="fl-6"/>
      </object_component>
      <object_component id="oc-1b3">
         <name>.debug_info</name>
         <load_address>0x435b</load_address>
         <run_address>0x435b</run_address>
         <size>0xd1</size>
         <input_file_ref idref="fl-6"/>
      </object_component>
      <object_component id="oc-1b6">
         <name>.debug_info</name>
         <load_address>0x442c</load_address>
         <run_address>0x442c</run_address>
         <size>0xcf</size>
         <input_file_ref idref="fl-6"/>
      </object_component>
      <object_component id="oc-1b0">
         <name>.debug_info</name>
         <load_address>0x44fb</load_address>
         <run_address>0x44fb</run_address>
         <size>0xd1</size>
         <input_file_ref idref="fl-6"/>
      </object_component>
      <object_component id="oc-87">
         <name>.debug_info</name>
         <load_address>0x45cc</load_address>
         <run_address>0x45cc</run_address>
         <size>0x5341</size>
         <input_file_ref idref="fl-6"/>
      </object_component>
      <object_component id="oc-1bd">
         <name>.debug_info</name>
         <load_address>0x990d</load_address>
         <run_address>0x990d</run_address>
         <size>0x70</size>
         <input_file_ref idref="fl-6"/>
      </object_component>
      <object_component id="oc-1c2">
         <name>.debug_info</name>
         <load_address>0x997d</load_address>
         <run_address>0x997d</run_address>
         <size>0x8c</size>
         <input_file_ref idref="fl-6"/>
      </object_component>
      <object_component id="oc-23c">
         <name>.debug_info</name>
         <load_address>0x9a09</load_address>
         <run_address>0x9a09</run_address>
         <size>0x2c</size>
         <input_file_ref idref="fl-6"/>
      </object_component>
      <object_component id="oc-2c6">
         <name>.debug_info</name>
         <load_address>0x9a35</load_address>
         <run_address>0x9a35</run_address>
         <size>0x3ba</size>
         <input_file_ref idref="fl-7"/>
      </object_component>
      <object_component id="oc-2c0">
         <name>.debug_info</name>
         <load_address>0x9def</load_address>
         <run_address>0x9def</run_address>
         <size>0xe3</size>
         <input_file_ref idref="fl-7"/>
      </object_component>
      <object_component id="oc-2c3">
         <name>.debug_info</name>
         <load_address>0x9ed2</load_address>
         <run_address>0x9ed2</run_address>
         <size>0xda</size>
         <input_file_ref idref="fl-7"/>
      </object_component>
      <object_component id="oc-19e">
         <name>.debug_info</name>
         <load_address>0x9fac</load_address>
         <run_address>0x9fac</run_address>
         <size>0xed6</size>
         <input_file_ref idref="fl-7"/>
      </object_component>
      <object_component id="oc-19c">
         <name>.debug_info</name>
         <load_address>0xae82</load_address>
         <run_address>0xae82</run_address>
         <size>0x3e4</size>
         <input_file_ref idref="fl-d"/>
      </object_component>
      <object_component id="oc-202">
         <name>.debug_info</name>
         <load_address>0xb266</load_address>
         <run_address>0xb266</run_address>
         <size>0x164</size>
         <input_file_ref idref="fl-d"/>
      </object_component>
      <object_component id="oc-2bd">
         <name>.debug_info</name>
         <load_address>0xb3ca</load_address>
         <run_address>0xb3ca</run_address>
         <size>0x2ac</size>
         <input_file_ref idref="fl-d"/>
      </object_component>
      <object_component id="oc-199">
         <name>.debug_info</name>
         <load_address>0xb676</load_address>
         <run_address>0xb676</run_address>
         <size>0x2bc</size>
         <input_file_ref idref="fl-d"/>
      </object_component>
      <object_component id="oc-10e">
         <name>.debug_info</name>
         <load_address>0xb932</load_address>
         <run_address>0xb932</run_address>
         <size>0x31f</size>
         <input_file_ref idref="fl-d"/>
      </object_component>
      <object_component id="oc-e4">
         <name>.debug_info</name>
         <load_address>0xbc51</load_address>
         <run_address>0xbc51</run_address>
         <size>0x29b</size>
         <input_file_ref idref="fl-d"/>
      </object_component>
      <object_component id="oc-324">
         <name>.debug_info</name>
         <load_address>0xbeec</load_address>
         <run_address>0xbeec</run_address>
         <size>0x299</size>
         <input_file_ref idref="fl-d"/>
      </object_component>
      <object_component id="oc-ae">
         <name>.debug_info</name>
         <load_address>0xc185</load_address>
         <run_address>0xc185</run_address>
         <size>0x299</size>
         <input_file_ref idref="fl-d"/>
      </object_component>
      <object_component id="oc-84">
         <name>.debug_info</name>
         <load_address>0xc41e</load_address>
         <run_address>0xc41e</run_address>
         <size>0x2c0</size>
         <input_file_ref idref="fl-d"/>
      </object_component>
      <object_component id="oc-108">
         <name>.debug_info</name>
         <load_address>0xc6de</load_address>
         <run_address>0xc6de</run_address>
         <size>0x2a5</size>
         <input_file_ref idref="fl-d"/>
      </object_component>
      <object_component id="oc-141">
         <name>.debug_info</name>
         <load_address>0xc983</load_address>
         <run_address>0xc983</run_address>
         <size>0x284</size>
         <input_file_ref idref="fl-d"/>
      </object_component>
      <object_component id="oc-a8">
         <name>.debug_info</name>
         <load_address>0xcc07</load_address>
         <run_address>0xcc07</run_address>
         <size>0x289</size>
         <input_file_ref idref="fl-d"/>
      </object_component>
      <object_component id="oc-11a">
         <name>.debug_info</name>
         <load_address>0xce90</load_address>
         <run_address>0xce90</run_address>
         <size>0x2c4</size>
         <input_file_ref idref="fl-d"/>
      </object_component>
      <object_component id="oc-135">
         <name>.debug_info</name>
         <load_address>0xd154</load_address>
         <run_address>0xd154</run_address>
         <size>0x288</size>
         <input_file_ref idref="fl-d"/>
      </object_component>
      <object_component id="oc-113">
         <name>.debug_info</name>
         <load_address>0xd3dc</load_address>
         <run_address>0xd3dc</run_address>
         <size>0x298</size>
         <input_file_ref idref="fl-d"/>
      </object_component>
      <object_component id="oc-13a">
         <name>.debug_info</name>
         <load_address>0xd674</load_address>
         <run_address>0xd674</run_address>
         <size>0x296</size>
         <input_file_ref idref="fl-d"/>
      </object_component>
      <object_component id="oc-29f">
         <name>.debug_info</name>
         <load_address>0xd90a</load_address>
         <run_address>0xd90a</run_address>
         <size>0x26b</size>
         <input_file_ref idref="fl-d"/>
      </object_component>
      <object_component id="oc-28f">
         <name>.debug_info</name>
         <load_address>0xdb75</load_address>
         <run_address>0xdb75</run_address>
         <size>0x297</size>
         <input_file_ref idref="fl-d"/>
      </object_component>
      <object_component id="oc-29a">
         <name>.debug_info</name>
         <load_address>0xde0c</load_address>
         <run_address>0xde0c</run_address>
         <size>0xef</size>
         <input_file_ref idref="fl-d"/>
      </object_component>
      <object_component id="oc-18e">
         <name>.debug_info</name>
         <load_address>0xdefb</load_address>
         <run_address>0xdefb</run_address>
         <size>0xbb</size>
         <input_file_ref idref="fl-d"/>
      </object_component>
      <object_component id="oc-219">
         <name>.debug_info</name>
         <load_address>0xdfb6</load_address>
         <run_address>0xdfb6</run_address>
         <size>0x3b7</size>
         <input_file_ref idref="fl-e"/>
      </object_component>
      <object_component id="oc-229">
         <name>.debug_info</name>
         <load_address>0xe36d</load_address>
         <run_address>0xe36d</run_address>
         <size>0x157</size>
         <input_file_ref idref="fl-e"/>
      </object_component>
      <object_component id="oc-216">
         <name>.debug_info</name>
         <load_address>0xe4c4</load_address>
         <run_address>0xe4c4</run_address>
         <size>0x15b</size>
         <input_file_ref idref="fl-e"/>
      </object_component>
      <object_component id="oc-22d">
         <name>.debug_info</name>
         <load_address>0xe61f</load_address>
         <run_address>0xe61f</run_address>
         <size>0x160</size>
         <input_file_ref idref="fl-e"/>
      </object_component>
      <object_component id="oc-123">
         <name>.debug_info</name>
         <load_address>0xe77f</load_address>
         <run_address>0xe77f</run_address>
         <size>0x2ca</size>
         <input_file_ref idref="fl-e"/>
      </object_component>
      <object_component id="oc-11d">
         <name>.debug_info</name>
         <load_address>0xea49</load_address>
         <run_address>0xea49</run_address>
         <size>0x2d2</size>
         <input_file_ref idref="fl-e"/>
      </object_component>
      <object_component id="oc-c3">
         <name>.debug_info</name>
         <load_address>0xed1b</load_address>
         <run_address>0xed1b</run_address>
         <size>0x247</size>
         <input_file_ref idref="fl-e"/>
      </object_component>
      <object_component id="oc-12b">
         <name>.debug_info</name>
         <load_address>0xef62</load_address>
         <run_address>0xef62</run_address>
         <size>0x249</size>
         <input_file_ref idref="fl-e"/>
      </object_component>
      <object_component id="oc-d5">
         <name>.debug_info</name>
         <load_address>0xf1ab</load_address>
         <run_address>0xf1ab</run_address>
         <size>0x271</size>
         <input_file_ref idref="fl-e"/>
      </object_component>
      <object_component id="oc-1fe">
         <name>.debug_info</name>
         <load_address>0xf41c</load_address>
         <run_address>0xf41c</run_address>
         <size>0x396</size>
         <input_file_ref idref="fl-f"/>
      </object_component>
      <object_component id="oc-9a">
         <name>.debug_info</name>
         <load_address>0xf7b2</load_address>
         <run_address>0xf7b2</run_address>
         <size>0x2ff</size>
         <input_file_ref idref="fl-f"/>
      </object_component>
      <object_component id="oc-dc">
         <name>.debug_info</name>
         <load_address>0xfab1</load_address>
         <run_address>0xfab1</run_address>
         <size>0x2cd</size>
         <input_file_ref idref="fl-f"/>
      </object_component>
      <object_component id="oc-ca">
         <name>.debug_info</name>
         <load_address>0xfd7e</load_address>
         <run_address>0xfd7e</run_address>
         <size>0x293</size>
         <input_file_ref idref="fl-f"/>
      </object_component>
      <object_component id="oc-be">
         <name>.debug_info</name>
         <load_address>0x10011</load_address>
         <run_address>0x10011</run_address>
         <size>0x2bf</size>
         <input_file_ref idref="fl-f"/>
      </object_component>
      <object_component id="oc-d1">
         <name>.debug_info</name>
         <load_address>0x102d0</load_address>
         <run_address>0x102d0</run_address>
         <size>0x2cb</size>
         <input_file_ref idref="fl-f"/>
      </object_component>
      <object_component id="oc-95">
         <name>.debug_info</name>
         <load_address>0x1059b</load_address>
         <run_address>0x1059b</run_address>
         <size>0x2b5</size>
         <input_file_ref idref="fl-f"/>
      </object_component>
      <object_component id="oc-f1">
         <name>.debug_info</name>
         <load_address>0x10850</load_address>
         <run_address>0x10850</run_address>
         <size>0x27f</size>
         <input_file_ref idref="fl-f"/>
      </object_component>
      <object_component id="oc-f7">
         <name>.debug_info</name>
         <load_address>0x10acf</load_address>
         <run_address>0x10acf</run_address>
         <size>0x281</size>
         <input_file_ref idref="fl-f"/>
      </object_component>
      <object_component id="oc-b2">
         <name>.debug_info</name>
         <load_address>0x10d50</load_address>
         <run_address>0x10d50</run_address>
         <size>0x2bc</size>
         <input_file_ref idref="fl-f"/>
      </object_component>
      <object_component id="oc-33a">
         <name>.debug_info</name>
         <load_address>0x1100c</load_address>
         <run_address>0x1100c</run_address>
         <size>0x3c0</size>
         <input_file_ref idref="fl-10"/>
      </object_component>
      <object_component id="oc-32d">
         <name>.debug_info</name>
         <load_address>0x113cc</load_address>
         <run_address>0x113cc</run_address>
         <size>0x24b</size>
         <input_file_ref idref="fl-10"/>
      </object_component>
      <object_component id="oc-2ae">
         <name>.debug_info</name>
         <load_address>0x11617</load_address>
         <run_address>0x11617</run_address>
         <size>0x27f</size>
         <input_file_ref idref="fl-10"/>
      </object_component>
      <object_component id="oc-333">
         <name>.debug_info</name>
         <load_address>0x11896</load_address>
         <run_address>0x11896</run_address>
         <size>0x2a3</size>
         <input_file_ref idref="fl-10"/>
      </object_component>
      <object_component id="oc-2b4">
         <name>.debug_info</name>
         <load_address>0x11b39</load_address>
         <run_address>0x11b39</run_address>
         <size>0x283</size>
         <input_file_ref idref="fl-10"/>
      </object_component>
      <object_component id="oc-328">
         <name>.debug_info</name>
         <load_address>0x11dbc</load_address>
         <run_address>0x11dbc</run_address>
         <size>0x3e2</size>
         <input_file_ref idref="fl-10"/>
      </object_component>
      <object_component id="oc-193">
         <name>.debug_info</name>
         <load_address>0x1219e</load_address>
         <run_address>0x1219e</run_address>
         <size>0x441</size>
         <input_file_ref idref="fl-11"/>
      </object_component>
      <object_component id="oc-208">
         <name>.debug_info</name>
         <load_address>0x125df</load_address>
         <run_address>0x125df</run_address>
         <size>0x156</size>
         <input_file_ref idref="fl-11"/>
      </object_component>
      <object_component id="oc-1cd">
         <name>.debug_info</name>
         <load_address>0x12735</load_address>
         <run_address>0x12735</run_address>
         <size>0x28c</size>
         <input_file_ref idref="fl-11"/>
      </object_component>
      <object_component id="oc-7b">
         <name>.debug_info</name>
         <load_address>0x129c1</load_address>
         <run_address>0x129c1</run_address>
         <size>0x286</size>
         <input_file_ref idref="fl-11"/>
      </object_component>
      <object_component id="oc-9f">
         <name>.debug_info</name>
         <load_address>0x12c47</load_address>
         <run_address>0x12c47</run_address>
         <size>0x26c</size>
         <input_file_ref idref="fl-11"/>
      </object_component>
      <object_component id="oc-75">
         <name>.debug_info</name>
         <load_address>0x12eb3</load_address>
         <run_address>0x12eb3</run_address>
         <size>0x2e4</size>
         <input_file_ref idref="fl-11"/>
      </object_component>
      <object_component id="oc-b7">
         <name>.debug_info</name>
         <load_address>0x13197</load_address>
         <run_address>0x13197</run_address>
         <size>0x2be</size>
         <input_file_ref idref="fl-11"/>
      </object_component>
      <object_component id="oc-296">
         <name>.debug_info</name>
         <load_address>0x13455</load_address>
         <run_address>0x13455</run_address>
         <size>0x51</size>
         <input_file_ref idref="fl-11"/>
      </object_component>
      <object_component id="oc-223">
         <name>.debug_info</name>
         <load_address>0x134a6</load_address>
         <run_address>0x134a6</run_address>
         <size>0x3c7</size>
         <input_file_ref idref="fl-12"/>
      </object_component>
      <object_component id="oc-101">
         <name>.debug_info</name>
         <load_address>0x1386d</load_address>
         <run_address>0x1386d</run_address>
         <size>0x295</size>
         <input_file_ref idref="fl-12"/>
      </object_component>
      <object_component id="oc-2d9">
         <name>.debug_info</name>
         <load_address>0x13b02</load_address>
         <run_address>0x13b02</run_address>
         <size>0x3cb</size>
         <input_file_ref idref="fl-13"/>
      </object_component>
      <object_component id="oc-1db">
         <name>.debug_info</name>
         <load_address>0x13ecd</load_address>
         <run_address>0x13ecd</run_address>
         <size>0x250</size>
         <input_file_ref idref="fl-13"/>
      </object_component>
      <object_component id="oc-2d5">
         <name>.debug_info</name>
         <load_address>0x1411d</load_address>
         <run_address>0x1411d</run_address>
         <size>0x252</size>
         <input_file_ref idref="fl-13"/>
      </object_component>
      <object_component id="oc-1d5">
         <name>.debug_info</name>
         <load_address>0x1436f</load_address>
         <run_address>0x1436f</run_address>
         <size>0x32f</size>
         <input_file_ref idref="fl-13"/>
      </object_component>
      <object_component id="oc-1e1">
         <name>.debug_info</name>
         <load_address>0x1469e</load_address>
         <run_address>0x1469e</run_address>
         <size>0x27c</size>
         <input_file_ref idref="fl-13"/>
      </object_component>
      <object_component id="oc-1e7">
         <name>.debug_info</name>
         <load_address>0x1491a</load_address>
         <run_address>0x1491a</run_address>
         <size>0x256</size>
         <input_file_ref idref="fl-13"/>
      </object_component>
      <object_component id="oc-210">
         <name>.debug_info</name>
         <load_address>0x14b70</load_address>
         <run_address>0x14b70</run_address>
         <size>0x21b</size>
         <input_file_ref idref="fl-14"/>
      </object_component>
      <object_component id="oc-232">
         <name>.debug_info</name>
         <load_address>0x14d8b</load_address>
         <run_address>0x14d8b</run_address>
         <size>0x218</size>
         <input_file_ref idref="fl-14"/>
      </object_component>
      <object_component id="oc-42">
         <name>.debug_info</name>
         <load_address>0x14fa3</load_address>
         <run_address>0x14fa3</run_address>
         <size>0x119</size>
         <input_file_ref idref="fl-ca"/>
      </object_component>
      <object_component id="oc-176">
         <name>.debug_info</name>
         <load_address>0x150bc</load_address>
         <run_address>0x150bc</run_address>
         <size>0x147</size>
         <input_file_ref idref="fl-cb"/>
      </object_component>
      <object_component id="oc-1f4">
         <name>.debug_info</name>
         <load_address>0x15203</load_address>
         <run_address>0x15203</run_address>
         <size>0x142</size>
         <input_file_ref idref="fl-cc"/>
      </object_component>
      <object_component id="oc-174">
         <name>.debug_info</name>
         <load_address>0x15345</load_address>
         <run_address>0x15345</run_address>
         <size>0x2d4</size>
         <input_file_ref idref="fl-cd"/>
      </object_component>
      <object_component id="oc-57">
         <name>.debug_info</name>
         <load_address>0x15619</load_address>
         <run_address>0x15619</run_address>
         <size>0x1b5</size>
         <input_file_ref idref="fl-cd"/>
      </object_component>
      <object_component id="oc-16f">
         <name>.debug_info</name>
         <load_address>0x157ce</load_address>
         <run_address>0x157ce</run_address>
         <size>0x46</size>
         <input_file_ref idref="fl-cd"/>
      </object_component>
      <object_component id="oc-4c">
         <name>.debug_info</name>
         <load_address>0x15814</load_address>
         <run_address>0x15814</run_address>
         <size>0x2a8</size>
         <input_file_ref idref="fl-ce"/>
      </object_component>
      <object_component id="oc-1c">
         <name>.debug_info</name>
         <load_address>0x15abc</load_address>
         <run_address>0x15abc</run_address>
         <size>0x1ea</size>
         <input_file_ref idref="fl-ce"/>
      </object_component>
      <object_component id="oc-47">
         <name>.debug_info</name>
         <load_address>0x15ca6</load_address>
         <run_address>0x15ca6</run_address>
         <size>0x46</size>
         <input_file_ref idref="fl-ce"/>
      </object_component>
      <object_component id="oc-167">
         <name>.debug_info</name>
         <load_address>0x15cec</load_address>
         <run_address>0x15cec</run_address>
         <size>0x2c</size>
         <input_file_ref idref="fl-ce"/>
      </object_component>
      <object_component id="oc-165">
         <name>.debug_info</name>
         <load_address>0x15d18</load_address>
         <run_address>0x15d18</run_address>
         <size>0x29e</size>
         <input_file_ref idref="fl-cf"/>
      </object_component>
      <object_component id="oc-18">
         <name>.debug_info</name>
         <load_address>0x15fb6</load_address>
         <run_address>0x15fb6</run_address>
         <size>0x250</size>
         <input_file_ref idref="fl-cf"/>
      </object_component>
      <object_component id="oc-37">
         <name>.debug_info</name>
         <load_address>0x16206</load_address>
         <run_address>0x16206</run_address>
         <size>0x60</size>
         <input_file_ref idref="fl-cf"/>
      </object_component>
      <object_component id="oc-246">
         <name>.debug_info</name>
         <load_address>0x16266</load_address>
         <run_address>0x16266</run_address>
         <size>0x46</size>
         <input_file_ref idref="fl-cf"/>
      </object_component>
      <object_component id="oc-160">
         <name>.debug_info</name>
         <load_address>0x162ac</load_address>
         <run_address>0x162ac</run_address>
         <size>0x39</size>
         <input_file_ref idref="fl-cf"/>
      </object_component>
      <object_component id="oc-2c8">
         <name>.debug_info</name>
         <load_address>0x162e5</load_address>
         <run_address>0x162e5</run_address>
         <size>0x29a</size>
         <input_file_ref idref="fl-d0"/>
      </object_component>
      <object_component id="oc-1a6">
         <name>.debug_info</name>
         <load_address>0x1657f</load_address>
         <run_address>0x1657f</run_address>
         <size>0x292</size>
         <input_file_ref idref="fl-d0"/>
      </object_component>
      <object_component id="oc-2ca">
         <name>.debug_info</name>
         <load_address>0x16811</load_address>
         <run_address>0x16811</run_address>
         <size>0x29a</size>
         <input_file_ref idref="fl-d1"/>
      </object_component>
      <object_component id="oc-1ac">
         <name>.debug_info</name>
         <load_address>0x16aab</load_address>
         <run_address>0x16aab</run_address>
         <size>0x262</size>
         <input_file_ref idref="fl-d1"/>
      </object_component>
      <object_component id="oc-25">
         <name>.debug_info</name>
         <load_address>0x16d0d</load_address>
         <run_address>0x16d0d</run_address>
         <size>0x10b</size>
         <input_file_ref idref="fl-d2"/>
      </object_component>
      <object_component id="oc-63">
         <name>.debug_info</name>
         <load_address>0x16e18</load_address>
         <run_address>0x16e18</run_address>
         <size>0x1a9</size>
         <input_file_ref idref="fl-d2"/>
      </object_component>
      <object_component id="oc-2e4">
         <name>.debug_info</name>
         <load_address>0x16fc1</load_address>
         <run_address>0x16fc1</run_address>
         <size>0x115</size>
         <input_file_ref idref="fl-d3"/>
      </object_component>
      <object_component id="oc-30b">
         <name>.debug_info</name>
         <load_address>0x170d6</load_address>
         <run_address>0x170d6</run_address>
         <size>0x4b3</size>
         <input_file_ref idref="fl-d4"/>
      </object_component>
      <object_component id="oc-25e">
         <name>.debug_info</name>
         <load_address>0x17589</load_address>
         <run_address>0x17589</run_address>
         <size>0x1a6</size>
         <input_file_ref idref="fl-d4"/>
      </object_component>
      <object_component id="oc-35b">
         <name>.debug_info</name>
         <load_address>0x1772f</load_address>
         <run_address>0x1772f</run_address>
         <size>0x39</size>
         <input_file_ref idref="fl-d4"/>
      </object_component>
      <object_component id="oc-375">
         <name>.debug_info</name>
         <load_address>0x17768</load_address>
         <run_address>0x17768</run_address>
         <size>0x39</size>
         <input_file_ref idref="fl-d4"/>
      </object_component>
      <object_component id="oc-360">
         <name>.debug_info</name>
         <load_address>0x177a1</load_address>
         <run_address>0x177a1</run_address>
         <size>0x39</size>
         <input_file_ref idref="fl-d4"/>
      </object_component>
      <object_component id="oc-365">
         <name>.debug_info</name>
         <load_address>0x177da</load_address>
         <run_address>0x177da</run_address>
         <size>0xcd</size>
         <input_file_ref idref="fl-d4"/>
      </object_component>
      <object_component id="oc-17c">
         <name>.debug_info</name>
         <load_address>0x178a7</load_address>
         <run_address>0x178a7</run_address>
         <size>0x153</size>
         <input_file_ref idref="fl-d5"/>
      </object_component>
      <object_component id="oc-252">
         <name>.debug_info</name>
         <load_address>0x179fa</load_address>
         <run_address>0x179fa</run_address>
         <size>0x122</size>
         <input_file_ref idref="fl-d7"/>
      </object_component>
      <object_component id="oc-3b1">
         <name>.debug_info</name>
         <load_address>0x17b1c</load_address>
         <run_address>0x17b1c</run_address>
         <size>0x9c</size>
      </object_component>
      <object_component id="oc-21d">
         <name>.debug_line</name>
         <load_address>0x0</load_address>
         <run_address>0x0</run_address>
         <size>0x1b7</size>
         <input_file_ref idref="fl-2"/>
      </object_component>
      <object_component id="oc-21f">
         <name>.debug_line</name>
         <load_address>0x1b7</load_address>
         <run_address>0x1b7</run_address>
         <size>0x2d</size>
         <input_file_ref idref="fl-2"/>
      </object_component>
      <object_component id="oc-32">
         <name>.debug_line</name>
         <load_address>0x1e4</load_address>
         <run_address>0x1e4</run_address>
         <size>0x1a5</size>
         <input_file_ref idref="fl-2"/>
      </object_component>
      <object_component id="oc-152">
         <name>.debug_line</name>
         <load_address>0x389</load_address>
         <run_address>0x389</run_address>
         <size>0x5e</size>
         <input_file_ref idref="fl-2"/>
      </object_component>
      <object_component id="oc-15e">
         <name>.debug_line</name>
         <load_address>0x3e7</load_address>
         <run_address>0x3e7</run_address>
         <size>0x6f</size>
         <input_file_ref idref="fl-2"/>
      </object_component>
      <object_component id="oc-14d">
         <name>.debug_line</name>
         <load_address>0x456</load_address>
         <run_address>0x456</run_address>
         <size>0x20</size>
         <input_file_ref idref="fl-2"/>
      </object_component>
      <object_component id="oc-244">
         <name>.debug_line</name>
         <load_address>0x476</load_address>
         <run_address>0x476</run_address>
         <size>0x73</size>
         <input_file_ref idref="fl-2"/>
      </object_component>
      <object_component id="oc-157">
         <name>.debug_line</name>
         <load_address>0x4e9</load_address>
         <run_address>0x4e9</run_address>
         <size>0x70</size>
         <input_file_ref idref="fl-2"/>
      </object_component>
      <object_component id="oc-1ca">
         <name>.debug_line</name>
         <load_address>0x559</load_address>
         <run_address>0x559</run_address>
         <size>0x6b</size>
         <input_file_ref idref="fl-2"/>
      </object_component>
      <object_component id="oc-15a">
         <name>.debug_line</name>
         <load_address>0x5c4</load_address>
         <run_address>0x5c4</run_address>
         <size>0x41</size>
         <input_file_ref idref="fl-3"/>
      </object_component>
      <object_component id="oc-34">
         <name>.debug_line</name>
         <load_address>0x605</load_address>
         <run_address>0x605</run_address>
         <size>0x41</size>
         <input_file_ref idref="fl-3"/>
      </object_component>
      <object_component id="oc-2b">
         <name>.debug_line</name>
         <load_address>0x646</load_address>
         <run_address>0x646</run_address>
         <size>0xa1</size>
         <input_file_ref idref="fl-3"/>
      </object_component>
      <object_component id="oc-3f">
         <name>.debug_line</name>
         <load_address>0x6e7</load_address>
         <run_address>0x6e7</run_address>
         <size>0x20</size>
         <input_file_ref idref="fl-3"/>
      </object_component>
      <object_component id="oc-2ed">
         <name>.debug_line</name>
         <load_address>0x707</load_address>
         <run_address>0x707</run_address>
         <size>0x8e</size>
         <input_file_ref idref="fl-4"/>
      </object_component>
      <object_component id="oc-2e0">
         <name>.debug_line</name>
         <load_address>0x795</load_address>
         <run_address>0x795</run_address>
         <size>0x32</size>
         <input_file_ref idref="fl-4"/>
      </object_component>
      <object_component id="oc-2eb">
         <name>.debug_line</name>
         <load_address>0x7c7</load_address>
         <run_address>0x7c7</run_address>
         <size>0x32</size>
         <input_file_ref idref="fl-4"/>
      </object_component>
      <object_component id="oc-2e2">
         <name>.debug_line</name>
         <load_address>0x7f9</load_address>
         <run_address>0x7f9</run_address>
         <size>0x32</size>
         <input_file_ref idref="fl-4"/>
      </object_component>
      <object_component id="oc-2de">
         <name>.debug_line</name>
         <load_address>0x82b</load_address>
         <run_address>0x82b</run_address>
         <size>0x32</size>
         <input_file_ref idref="fl-4"/>
      </object_component>
      <object_component id="oc-90">
         <name>.debug_line</name>
         <load_address>0x85d</load_address>
         <run_address>0x85d</run_address>
         <size>0x288</size>
         <input_file_ref idref="fl-4"/>
      </object_component>
      <object_component id="oc-2ac">
         <name>.debug_line</name>
         <load_address>0xae5</load_address>
         <run_address>0xae5</run_address>
         <size>0x9c</size>
         <input_file_ref idref="fl-5"/>
      </object_component>
      <object_component id="oc-23b">
         <name>.debug_line</name>
         <load_address>0xb81</load_address>
         <run_address>0xb81</run_address>
         <size>0xa1</size>
         <input_file_ref idref="fl-6"/>
      </object_component>
      <object_component id="oc-2ce">
         <name>.debug_line</name>
         <load_address>0xc22</load_address>
         <run_address>0xc22</run_address>
         <size>0x39</size>
         <input_file_ref idref="fl-6"/>
      </object_component>
      <object_component id="oc-2d0">
         <name>.debug_line</name>
         <load_address>0xc5b</load_address>
         <run_address>0xc5b</run_address>
         <size>0x39</size>
         <input_file_ref idref="fl-6"/>
      </object_component>
      <object_component id="oc-2cc">
         <name>.debug_line</name>
         <load_address>0xc94</load_address>
         <run_address>0xc94</run_address>
         <size>0x39</size>
         <input_file_ref idref="fl-6"/>
      </object_component>
      <object_component id="oc-8a">
         <name>.debug_line</name>
         <load_address>0xccd</load_address>
         <run_address>0xccd</run_address>
         <size>0x226a</size>
         <input_file_ref idref="fl-6"/>
      </object_component>
      <object_component id="oc-1c0">
         <name>.debug_line</name>
         <load_address>0x2f37</load_address>
         <run_address>0x2f37</run_address>
         <size>0x3d</size>
         <input_file_ref idref="fl-6"/>
      </object_component>
      <object_component id="oc-1c5">
         <name>.debug_line</name>
         <load_address>0x2f74</load_address>
         <run_address>0x2f74</run_address>
         <size>0x39</size>
         <input_file_ref idref="fl-6"/>
      </object_component>
      <object_component id="oc-23f">
         <name>.debug_line</name>
         <load_address>0x2fad</load_address>
         <run_address>0x2fad</run_address>
         <size>0x6b</size>
         <input_file_ref idref="fl-6"/>
      </object_component>
      <object_component id="oc-342">
         <name>.debug_line</name>
         <load_address>0x3018</load_address>
         <run_address>0x3018</run_address>
         <size>0xad</size>
         <input_file_ref idref="fl-7"/>
      </object_component>
      <object_component id="oc-33e">
         <name>.debug_line</name>
         <load_address>0x30c5</load_address>
         <run_address>0x30c5</run_address>
         <size>0x3b</size>
         <input_file_ref idref="fl-7"/>
      </object_component>
      <object_component id="oc-340">
         <name>.debug_line</name>
         <load_address>0x3100</load_address>
         <run_address>0x3100</run_address>
         <size>0x3b</size>
         <input_file_ref idref="fl-7"/>
      </object_component>
      <object_component id="oc-1a1">
         <name>.debug_line</name>
         <load_address>0x313b</load_address>
         <run_address>0x313b</run_address>
         <size>0x365</size>
         <input_file_ref idref="fl-7"/>
      </object_component>
      <object_component id="oc-2a6">
         <name>.debug_line</name>
         <load_address>0x34a0</load_address>
         <run_address>0x34a0</run_address>
         <size>0x82</size>
         <input_file_ref idref="fl-d"/>
      </object_component>
      <object_component id="oc-2f1">
         <name>.debug_line</name>
         <load_address>0x3522</load_address>
         <run_address>0x3522</run_address>
         <size>0x7d</size>
         <input_file_ref idref="fl-d"/>
      </object_component>
      <object_component id="oc-2bc">
         <name>.debug_line</name>
         <load_address>0x359f</load_address>
         <run_address>0x359f</run_address>
         <size>0x92</size>
         <input_file_ref idref="fl-d"/>
      </object_component>
      <object_component id="oc-198">
         <name>.debug_line</name>
         <load_address>0x3631</load_address>
         <run_address>0x3631</run_address>
         <size>0x95</size>
         <input_file_ref idref="fl-d"/>
      </object_component>
      <object_component id="oc-10d">
         <name>.debug_line</name>
         <load_address>0x36c6</load_address>
         <run_address>0x36c6</run_address>
         <size>0xc4</size>
         <input_file_ref idref="fl-d"/>
      </object_component>
      <object_component id="oc-e3">
         <name>.debug_line</name>
         <load_address>0x378a</load_address>
         <run_address>0x378a</run_address>
         <size>0x99</size>
         <input_file_ref idref="fl-d"/>
      </object_component>
      <object_component id="oc-323">
         <name>.debug_line</name>
         <load_address>0x3823</load_address>
         <run_address>0x3823</run_address>
         <size>0x99</size>
         <input_file_ref idref="fl-d"/>
      </object_component>
      <object_component id="oc-ad">
         <name>.debug_line</name>
         <load_address>0x38bc</load_address>
         <run_address>0x38bc</run_address>
         <size>0x99</size>
         <input_file_ref idref="fl-d"/>
      </object_component>
      <object_component id="oc-83">
         <name>.debug_line</name>
         <load_address>0x3955</load_address>
         <run_address>0x3955</run_address>
         <size>0x99</size>
         <input_file_ref idref="fl-d"/>
      </object_component>
      <object_component id="oc-107">
         <name>.debug_line</name>
         <load_address>0x39ee</load_address>
         <run_address>0x39ee</run_address>
         <size>0x99</size>
         <input_file_ref idref="fl-d"/>
      </object_component>
      <object_component id="oc-13e">
         <name>.debug_line</name>
         <load_address>0x3a87</load_address>
         <run_address>0x3a87</run_address>
         <size>0x92</size>
         <input_file_ref idref="fl-d"/>
      </object_component>
      <object_component id="oc-a5">
         <name>.debug_line</name>
         <load_address>0x3b19</load_address>
         <run_address>0x3b19</run_address>
         <size>0xa7</size>
         <input_file_ref idref="fl-d"/>
      </object_component>
      <object_component id="oc-118">
         <name>.debug_line</name>
         <load_address>0x3bc0</load_address>
         <run_address>0x3bc0</run_address>
         <size>0x95</size>
         <input_file_ref idref="fl-d"/>
      </object_component>
      <object_component id="oc-133">
         <name>.debug_line</name>
         <load_address>0x3c55</load_address>
         <run_address>0x3c55</run_address>
         <size>0x92</size>
         <input_file_ref idref="fl-d"/>
      </object_component>
      <object_component id="oc-112">
         <name>.debug_line</name>
         <load_address>0x3ce7</load_address>
         <run_address>0x3ce7</run_address>
         <size>0x92</size>
         <input_file_ref idref="fl-d"/>
      </object_component>
      <object_component id="oc-139">
         <name>.debug_line</name>
         <load_address>0x3d79</load_address>
         <run_address>0x3d79</run_address>
         <size>0x92</size>
         <input_file_ref idref="fl-d"/>
      </object_component>
      <object_component id="oc-2a2">
         <name>.debug_line</name>
         <load_address>0x3e0b</load_address>
         <run_address>0x3e0b</run_address>
         <size>0x71</size>
         <input_file_ref idref="fl-d"/>
      </object_component>
      <object_component id="oc-292">
         <name>.debug_line</name>
         <load_address>0x3e7c</load_address>
         <run_address>0x3e7c</run_address>
         <size>0x75</size>
         <input_file_ref idref="fl-d"/>
      </object_component>
      <object_component id="oc-29d">
         <name>.debug_line</name>
         <load_address>0x3ef1</load_address>
         <run_address>0x3ef1</run_address>
         <size>0x71</size>
         <input_file_ref idref="fl-d"/>
      </object_component>
      <object_component id="oc-191">
         <name>.debug_line</name>
         <load_address>0x3f62</load_address>
         <run_address>0x3f62</run_address>
         <size>0x72</size>
         <input_file_ref idref="fl-d"/>
      </object_component>
      <object_component id="oc-2f8">
         <name>.debug_line</name>
         <load_address>0x3fd4</load_address>
         <run_address>0x3fd4</run_address>
         <size>0x7c</size>
         <input_file_ref idref="fl-e"/>
      </object_component>
      <object_component id="oc-2fc">
         <name>.debug_line</name>
         <load_address>0x4050</load_address>
         <run_address>0x4050</run_address>
         <size>0x82</size>
         <input_file_ref idref="fl-e"/>
      </object_component>
      <object_component id="oc-2f6">
         <name>.debug_line</name>
         <load_address>0x40d2</load_address>
         <run_address>0x40d2</run_address>
         <size>0x82</size>
         <input_file_ref idref="fl-e"/>
[...]
         <name>out_stream</name>
         <value>0x4c2b</value>
         <object_component_ref idref="oc-2d"/>
      </symbol>
      <symbol id="sm-c6">
         <name>main</name>
         <value>0x4b89</value>
         <object_component_ref idref="oc-2d"/>
      </symbol>
      <symbol id="sm-c7">
         <name>InitDebug</name>
         <value>0x4d6d</value>
         <object_component_ref idref="oc-2d"/>
      </symbol>
      <symbol id="sm-c8">
         <name>InitPWM</name>
         <value>0x4cdf</value>
         <object_component_ref idref="oc-2d"/>
      </symbol>
      <symbol id="sm-c9">
         <name>pSA_Write</name>
         <value>0x20000b18</value>
         <object_component_ref idref="oc-ec"/>
      </symbol>
      <symbol id="sm-ca">
         <name>InitGPIO</name>
         <value>0x4f25</value>
         <object_component_ref idref="oc-2d"/>
      </symbol>
      <symbol id="sm-eb">
         <name>ResetISR</name>
         <value>0x6189</value>
         <object_component_ref idref="oc-27"/>
      </symbol>
      <symbol id="sm-ec">
         <name>g_pfnVectors</name>
         <value>0x0</value>
         <object_component_ref idref="oc-12"/>
      </symbol>
      <symbol id="sm-15c">
         <name>UARTgetc</name>
         <value>0x52d1</value>
         <object_component_ref idref="oc-8c"/>
      </symbol>
      <symbol id="sm-15d">
         <name>UARTgets</name>
         <value>0x5217</value>
         <object_component_ref idref="oc-8c"/>
      </symbol>
      <symbol id="sm-15e">
         <name>UARTStdioConfig</name>
         <value>0x5181</value>
         <object_component_ref idref="oc-8c"/>
      </symbol>
      <symbol id="sm-15f">
         <name>UARTwrite</name>
         <value>0x51c7</value>
         <object_component_ref idref="oc-8c"/>
      </symbol>
      <symbol id="sm-160">
         <name>UARTprintf</name>
         <value>0x55f3</value>
         <object_component_ref idref="oc-8c"/>
      </symbol>
      <symbol id="sm-161">
         <name>UARTvprintf</name>
         <value>0x52f9</value>
         <object_component_ref idref="oc-8c"/>
      </symbol>
      <symbol id="sm-174">
         <name>DelayMs</name>
         <value>0x59bf</value>
         <object_component_ref idref="oc-2a7"/>
      </symbol>
      <symbol id="sm-175">
         <name>SPI_Init</name>
         <value>0x59df</value>
         <object_component_ref idref="oc-2a7"/>
      </symbol>
      <symbol id="sm-176">
         <name>DelayUs</name>
         <value>0x59a1</value>
         <object_component_ref idref="oc-2a7"/>
      </symbol>
      <symbol id="sm-4dc">
         <name>audioState</name>
         <value>0x20000917</value>
      </symbol>
      <symbol id="sm-4dd">
         <name>f_getfree</name>
         <value>0x285b</value>
         <object_component_ref idref="oc-86"/>
      </symbol>
      <symbol id="sm-4de">
         <name>f_read</name>
         <value>0x1cd5</value>
         <object_component_ref idref="oc-86"/>
      </symbol>
      <symbol id="sm-4df">
         <name>f_unlink</name>
         <value>0x2aa3</value>
         <object_component_ref idref="oc-86"/>
      </symbol>
      <symbol id="sm-4e0">
         <name>f_closedir</name>
         <value>0x26f7</value>
         <object_component_ref idref="oc-86"/>
      </symbol>
      <symbol id="sm-4e1">
         <name>f_mkdir</name>
         <value>0x2b95</value>
         <object_component_ref idref="oc-86"/>
      </symbol>
      <symbol id="sm-4e2">
         <name>f_findfirst</name>
         <value>0x27cd</value>
         <object_component_ref idref="oc-86"/>
      </symbol>
      <symbol id="sm-4e3">
         <name>f_chmod</name>
         <value>0x2e5d</value>
         <object_component_ref idref="oc-86"/>
      </symbol>
      <symbol id="sm-4e4">
         <name>f_utime</name>
         <value>0x2ef7</value>
         <object_component_ref idref="oc-86"/>
      </symbol>
      <symbol id="sm-4e5">
         <name>f_sync</name>
         <value>0x21a1</value>
         <object_component_ref idref="oc-86"/>
      </symbol>
      <symbol id="sm-4e6">
         <name>f_printf</name>
         <value>0x4139</value>
         <object_component_ref idref="oc-86"/>
      </symbol>
      <symbol id="sm-4e7">
         <name>f_findnext</name>
         <value>0x2791</value>
         <object_component_ref idref="oc-86"/>
      </symbol>
      <symbol id="sm-4e8">
         <name>f_write</name>
         <value>0x1f0b</value>
         <object_component_ref idref="oc-86"/>
      </symbol>
      <symbol id="sm-4e9">
         <name>f_mkfs</name>
         <value>0x37e5</value>
         <object_component_ref idref="oc-86"/>
      </symbol>
      <symbol id="sm-4ea">
         <name>f_getlabel</name>
         <value>0x2f73</value>
         <object_component_ref idref="oc-86"/>
      </symbol>
      <symbol id="sm-4eb">
         <name>f_expand</name>
         <value>0x3259</value>
         <object_component_ref idref="oc-86"/>
      </symbol>
      <symbol id="sm-4ec">
         <name>f_opendir</name>
         <value>0x2653</value>
         <object_component_ref idref="oc-86"/>
      </symbol>
      <symbol id="sm-4ed">
         <name>f_truncate</name>
         <value>0x2995</value>
         <object_component_ref idref="oc-86"/>
      </symbol>
      <symbol id="sm-4ee">
         <name>f_close</name>
         <value>0x2267</value>
         <object_component_ref idref="oc-86"/>
      </symbol>
      <symbol id="sm-4ef">
         <name>f_rename</name>
         <value>0x2ce7</value>
         <object_component_ref idref="oc-86"/>
      </symbol>
      <symbol id="sm-4f0">
         <name>f_forward</name>
         <value>0x33ff</value>
         <object_component_ref idref="oc-86"/>
      </symbol>
      <symbol id="sm-4f1">
         <name>f_open</name>
         <value>0x1a19</value>
         <object_component_ref idref="oc-86"/>
      </symbol>
      <symbol id="sm-4f2">
         <name>f_lseek</name>
         <value>0x229d</value>
         <object_component_ref idref="oc-86"/>
      </symbol>
      <symbol id="sm-4f3">
         <name>f_putc</name>
         <value>0x40dd</value>
         <object_component_ref idref="oc-86"/>
      </symbol>
      <symbol id="sm-4f4">
         <name>f_puts</name>
         <value>0x4105</value>
         <object_component_ref idref="oc-86"/>
      </symbol>
      <symbol id="sm-4f5">
         <name>f_gets</name>
         <value>0x3fa9</value>
         <object_component_ref idref="oc-86"/>
      </symbol>
      <symbol id="sm-4f6">
         <name>f_stat</name>
         <value>0x2807</value>
         <object_component_ref idref="oc-86"/>
      </symbol>
      <symbol id="sm-4f7">
         <name>f_mount</name>
         <value>0x1997</value>
         <object_component_ref idref="oc-86"/>
      </symbol>
      <symbol id="sm-4f8">
         <name>f_readdir</name>
         <value>0x2719</value>
         <object_component_ref idref="oc-86"/>
      </symbol>
      <symbol id="sm-4f9">
         <name>f_setlabel</name>
         <value>0x307d</value>
         <object_component_ref idref="oc-86"/>
      </symbol>
      <symbol id="sm-575">
         <name>disk_status</name>
         <value>0x47a5</value>
         <object_component_ref idref="oc-19d"/>
      </symbol>
      <symbol id="sm-576">
         <name>disk_read</name>
         <value>0x4939</value>
         <object_component_ref idref="oc-19d"/>
      </symbol>
      <symbol id="sm-577">
         <name>disk_initialize</name>
         <value>0x47c5</value>
         <object_component_ref idref="oc-19d"/>
      </symbol>
      <symbol id="sm-578">
         <name>disk_ioctl</name>
         <value>0x4a75</value>
         <object_component_ref idref="oc-19d"/>
      </symbol>
      <symbol id="sm-579">
         <name>disk_write</name>
         <value>0x49c5</value>
         <object_component_ref idref="oc-19d"/>
      </symbol>
      <symbol id="sm-617">
         <name>GPIOPinTypePWM</name>
         <value>0x6043</value>
         <object_component_ref idref="oc-aa"/>
      </symbol>
      <symbol id="sm-618">
         <name>GPIOPinConfigure</name>
         <value>0x5d15</value>
         <object_component_ref idref="oc-a4"/>
      </symbol>
      <symbol id="sm-619">
         <name>GPIOIntEnable</name>
         <value>0x614d</value>
         <object_component_ref idref="oc-110"/>
      </symbol>
      <symbol id="sm-61a">
         <name>GPIOIntTypeSet</name>
         <value>0x5cbd</value>
         <object_component_ref idref="oc-116"/>
      </symbol>
      <symbol id="sm-61b">
         <name>GPIOPinTypeGPIOInput</name>
         <value>0x602d</value>
         <object_component_ref idref="oc-104"/>
      </symbol>
      <symbol id="sm-61c">
         <name>GPIOIntClear</name>
         <value>0x61cf</value>
         <object_component_ref idref="oc-137"/>
      </symbol>
      <symbol id="sm-61d">
         <name>GPIOPinTypeUART</name>
         <value>0x606f</value>
         <object_component_ref idref="oc-e0"/>
      </symbol>
      <symbol id="sm-61e">
         <name>GPIOIntStatus</name>
         <value>0x6119</value>
         <object_component_ref idref="oc-131"/>
      </symbol>
      <symbol id="sm-61f">
         <name>GPIOPinTypeGPIOOutput</name>
         <value>0x6013</value>
         <object_component_ref idref="oc-80"/>
      </symbol>
      <symbol id="sm-620">
         <name>GPIOPinRead</name>
         <value>0x61d5</value>
         <object_component_ref idref="oc-13d"/>
      </symbol>
      <symbol id="sm-621">
         <name>GPIODirModeSet</name>
         <value>0x5f3d</value>
         <object_component_ref idref="oc-195"/>
      </symbol>
      <symbol id="sm-622">
         <name>GPIOPinWrite</name>
         <value>0x61db</value>
         <object_component_ref idref="oc-2b9"/>
      </symbol>
      <symbol id="sm-623">
         <name>GPIOPadConfigSet</name>
         <value>0x5629</value>
         <object_component_ref idref="oc-10a"/>
      </symbol>
      <symbol id="sm-624">
         <name>GPIOPinTypeSSI</name>
         <value>0x6059</value>
         <object_component_ref idref="oc-320"/>
      </symbol>
      <symbol id="sm-678">
         <name>IntPrioritySet</name>
         <value>0x5f69</value>
         <object_component_ref idref="oc-11c"/>
      </symbol>
      <symbol id="sm-679">
         <name>IntEnable</name>
         <value>0x5b8d</value>
         <object_component_ref idref="oc-d4"/>
      </symbol>
      <symbol id="sm-67a">
         <name>IntRegister</name>
         <value>0x5ea1</value>
         <object_component_ref idref="oc-122"/>
      </symbol>
      <symbol id="sm-67b">
         <name>IntMasterDisable</name>
         <value>0x60e9</value>
         <object_component_ref idref="oc-12a"/>
      </symbol>
      <symbol id="sm-67c">
         <name>g_pfnRAMVectors</name>
         <value>0x20000000</value>
         <object_component_ref idref="oc-22c"/>
      </symbol>
      <symbol id="sm-67d">
         <name>IntMasterEnable</name>
         <value>0x60f9</value>
         <object_component_ref idref="oc-c2"/>
      </symbol>
      <symbol id="sm-6ca">
         <name>PWMGenPeriodSet</name>
         <value>0x6109</value>
         <object_component_ref idref="oc-bc"/>
      </symbol>
      <symbol id="sm-6cb">
         <name>PWMGenIntTrigEnable</name>
         <value>0x6195</value>
         <object_component_ref idref="oc-ce"/>
      </symbol>
      <symbol id="sm-6cc">
         <name>PWMGenDisable</name>
         <value>0x6159</value>
         <object_component_ref idref="oc-f5"/>
      </symbol>
      <symbol id="sm-6cd">
         <name>PWMPulseWidthSet</name>
         <value>0x5ff5</value>
         <object_component_ref idref="oc-98"/>
      </symbol>
      <symbol id="sm-6ce">
         <name>PWMGenIntClear</name>
         <value>0x61e1</value>
         <object_component_ref idref="oc-92"/>
      </symbol>
      <symbol id="sm-6cf">
         <name>PWMOutputState</name>
         <value>0x60c5</value>
         <object_component_ref idref="oc-da"/>
      </symbol>
      <symbol id="sm-6d0">
         <name>PWMGenEnable</name>
         <value>0x6165</value>
         <object_component_ref idref="oc-ef"/>
      </symbol>
      <symbol id="sm-6d1">
         <name>PWMIntEnable</name>
         <value>0x61c7</value>
         <object_component_ref idref="oc-c8"/>
      </symbol>
      <symbol id="sm-6d2">
         <name>PWMGenConfigure</name>
         <value>0x5fb1</value>
         <object_component_ref idref="oc-b0"/>
      </symbol>
      <symbol id="sm-703">
         <name>SSIDataPut</name>
         <value>0x619f</value>
         <object_component_ref idref="oc-2ad"/>
      </symbol>
      <symbol id="sm-704">
         <name>SSIDataGet</name>
         <value>0x6171</value>
         <object_component_ref idref="oc-2b3"/>
      </symbol>
      <symbol id="sm-705">
         <name>SSIDataGetNonBlocking</name>
         <value>0x60d7</value>
         <object_component_ref idref="oc-332"/>
      </symbol>
      <symbol id="sm-706">
         <name>SSIConfigSetExpClk</name>
         <value>0x5e2d</value>
         <object_component_ref idref="oc-326"/>
      </symbol>
      <symbol id="sm-707">
         <name>SSIEnable</name>
         <value>0x61a9</value>
         <object_component_ref idref="oc-32c"/>
      </symbol>
      <symbol id="sm-76f">
         <name>SysCtlPeripheralPresent</name>
         <value>0x5e69</value>
         <object_component_ref idref="oc-1cc"/>
      </symbol>
      <symbol id="sm-770">
         <name>SysCtlClockSet</name>
         <value>0x58ad</value>
         <object_component_ref idref="oc-74"/>
      </symbol>
      <symbol id="sm-771">
         <name>SysCtlDelay</name>
         <value>0x61e7</value>
         <object_component_ref idref="oc-130"/>
      </symbol>
      <symbol id="sm-772">
         <name>SysCtlPeripheralEnable</name>
         <value>0x5ed5</value>
         <object_component_ref idref="oc-7a"/>
      </symbol>
      <symbol id="sm-773">
         <name>SysCtlClockGet</name>
         <value>0x5795</value>
         <object_component_ref idref="oc-b6"/>
      </symbol>
      <symbol id="sm-774">
         <name>SysCtlPWMClockSet</name>
         <value>0x609d</value>
         <object_component_ref idref="oc-9e"/>
      </symbol>
      <symbol id="sm-788">
         <name>TimerConfigure</name>
         <value>0x5c5d</value>
         <object_component_ref idref="oc-fe"/>
      </symbol>
      <symbol id="sm-7bb">
         <name>UARTConfigSetExpClk</name>
         <value>0x5d61</value>
         <object_component_ref idref="oc-1d2"/>
      </symbol>
      <symbol id="sm-7bc">
         <name>UARTDisable</name>
         <value>0x5fd5</value>
         <object_component_ref idref="oc-2d2"/>
      </symbol>
      <symbol id="sm-7bd">
         <name>UARTCharPut</name>
         <value>0x61bd</value>
         <object_component_ref idref="oc-1de"/>
      </symbol>
      <symbol id="sm-7be">
         <name>UARTEnable</name>
         <value>0x60b1</value>
         <object_component_ref idref="oc-1d8"/>
      </symbol>
      <symbol id="sm-7bf">
         <name>UARTCharGet</name>
         <value>0x61b3</value>
         <object_component_ref idref="oc-1e4"/>
      </symbol>
      <symbol id="sm-7d1">
         <name>CPUcpsie</name>
         <value>0x6141</value>
         <object_component_ref idref="oc-20c"/>
      </symbol>
      <symbol id="sm-7d2">
         <name>CPUcpsid</name>
         <value>0x6135</value>
         <object_component_ref idref="oc-230"/>
      </symbol>
      <symbol id="sm-7ed">
         <name>memcpy</name>
         <value>0x5a75</value>
         <object_component_ref idref="oc-41"/>
      </symbol>
      <symbol id="sm-7ee">
         <name>__aeabi_memcpy</name>
         <value>0x5a75</value>
         <object_component_ref idref="oc-41"/>
      </symbol>
      <symbol id="sm-7ef">
         <name>__aeabi_memcpy8</name>
         <value>0x5a75</value>
         <object_component_ref idref="oc-41"/>
      </symbol>
      <symbol id="sm-7f0">
         <name>__aeabi_memcpy4</name>
         <value>0x5a75</value>
         <object_component_ref idref="oc-41"/>
      </symbol>
      <symbol id="sm-7ff">
         <name>__aeabi_memset</name>
         <value>0x5b13</value>
         <object_component_ref idref="oc-175"/>
      </symbol>
      <symbol id="sm-800">
         <name>memset</name>
         <value>0x5b19</value>
         <object_component_ref idref="oc-175"/>
      </symbol>
      <symbol id="sm-801">
         <name>__aeabi_memset8</name>
         <value>0x5b13</value>
         <object_component_ref idref="oc-175"/>
      </symbol>
      <symbol id="sm-802">
         <name>__aeabi_memset4</name>
         <value>0x5b13</value>
         <object_component_ref idref="oc-175"/>
      </symbol>
      <symbol id="sm-803">
         <name>__aeabi_memclr8</name>
         <value>0x5b11</value>
         <object_component_ref idref="oc-175"/>
      </symbol>
      <symbol id="sm-804">
         <name>__aeabi_memclr4</name>
         <value>0x5b11</value>
         <object_component_ref idref="oc-175"/>
      </symbol>
      <symbol id="sm-805">
         <name>__aeabi_memclr</name>
         <value>0x5b11</value>
         <object_component_ref idref="oc-175"/>
      </symbol>
      <symbol id="sm-814">
         <name>__aeabi_uidivmod</name>
         <value>0x5ded</value>
         <object_component_ref idref="oc-1f3"/>
      </symbol>
      <symbol id="sm-815">
         <name>__aeabi_uidiv</name>
         <value>0x5ded</value>
         <object_component_ref idref="oc-1f3"/>
      </symbol>
      <symbol id="sm-827">
         <name>__TI_zero_init</name>
         <value>0x617d</value>
         <object_component_ref idref="oc-53"/>
      </symbol>
      <symbol id="sm-83e">
         <name>__TI_decompress_none</name>
         <value>0x6127</value>
         <object_component_ref idref="oc-1b"/>
      </symbol>
      <symbol id="sm-861">
         <name>__TI_decompress_lzss</name>
         <value>0x5bf5</value>
         <object_component_ref idref="oc-15"/>
      </symbol>
      <symbol id="sm-871">
         <name>memcmp</name>
         <value>0x5f8d</value>
         <object_component_ref idref="oc-1a3"/>
      </symbol>
      <symbol id="sm-881">
         <name>strchr</name>
         <value>0x6085</value>
         <object_component_ref idref="oc-1a9"/>
      </symbol>
      <symbol id="sm-894">
         <name>__stack</name>
         <value>0x20000918</value>
         <object_component_ref idref="oc-24"/>
      </symbol>
      <symbol id="sm-895">
         <name>_c_int00_noargs</name>
         <value>0x5f09</value>
         <object_component_ref idref="oc-5f"/>
      </symbol>
      <symbol id="sm-89f">
         <name>__aeabi_idiv0</name>
         <value>0x451f</value>
         <object_component_ref idref="oc-2e3"/>
      </symbol>
      <symbol id="sm-8a0">
         <name>__aeabi_ldiv0</name>
         <value>0x451f</value>
         <object_component_ref idref="oc-2e3"/>
      </symbol>
      <symbol id="sm-8c8">
         <name>__TI_auto_init_nobinit_nopinit</name>
         <value>0x5da9</value>
         <object_component_ref idref="oc-25d"/>
      </symbol>
      <symbol id="sm-8d2">
         <name>_system_pre_init</name>
         <value>0x61ed</value>
         <object_component_ref idref="oc-17b"/>
      </symbol>
      <symbol id="sm-8de">
         <name>C$$EXIT</name>
         <value>0x61f1</value>
         <object_component_ref idref="oc-251"/>
      </symbol>
      <symbol id="sm-8df">
         <name>abort</name>
         <value>0x61f1</value>
         <object_component_ref idref="oc-251"/>
      </symbol>
      <symbol id="sm-8e2">
         <name>__TI_static_base__</name>
         <value>0x0</value>
      </symbol>
      <symbol id="sm-8e5">
         <name>__mpu_init</name>
         <value>0x0</value>
      </symbol>
      <symbol id="sm-8e6">
         <name>_system_post_cinit</name>
         <value>0x0</value>
      </symbol>
   </symbol_table>
   <title>Link successful</title>
</link_info>
